Component: Arm Compiler for Embedded 6.21 Tool: armlink [5ec1fa00]

==============================================================================

Section Cross References

    startup_stm32f103xe.o(RESET) refers to startup_stm32f103xe.o(STACK) for __initial_sp
    startup_stm32f103xe.o(RESET) refers to startup_stm32f103xe.o(.text) for Reset_Handler
    startup_stm32f103xe.o(RESET) refers to stm32f1xx_it.o(.text.NMI_Handler) for NMI_Handler
    startup_stm32f103xe.o(RESET) refers to stm32f1xx_it.o(.text.HardFault_Handler) for HardFault_Handler
    startup_stm32f103xe.o(RESET) refers to stm32f1xx_it.o(.text.MemManage_Handler) for MemManage_Handler
    startup_stm32f103xe.o(RESET) refers to stm32f1xx_it.o(.text.BusFault_Handler) for BusFault_Handler
    startup_stm32f103xe.o(RESET) refers to stm32f1xx_it.o(.text.UsageFault_Handler) for UsageFault_Handler
    startup_stm32f103xe.o(RESET) refers to stm32f1xx_it.o(.text.SVC_Handler) for SVC_Handler
    startup_stm32f103xe.o(RESET) refers to stm32f1xx_it.o(.text.DebugMon_Handler) for DebugMon_Handler
    startup_stm32f103xe.o(RESET) refers to stm32f1xx_it.o(.text.PendSV_Handler) for PendSV_Handler
    startup_stm32f103xe.o(RESET) refers to stm32f1xx_it.o(.text.SysTick_Handler) for SysTick_Handler
    startup_stm32f103xe.o(RESET) refers to stm32f1xx_it.o(.text.DMA1_Channel6_IRQHandler) for DMA1_Channel6_IRQHandler
    startup_stm32f103xe.o(RESET) refers to stm32f1xx_it.o(.text.DMA1_Channel7_IRQHandler) for DMA1_Channel7_IRQHandler
    startup_stm32f103xe.o(RESET) refers to stm32f1xx_it.o(.text.USART1_IRQHandler) for USART1_IRQHandler
    startup_stm32f103xe.o(RESET) refers to stm32f1xx_it.o(.text.USART2_IRQHandler) for USART2_IRQHandler
    startup_stm32f103xe.o(RESET) refers to stm32f1xx_it.o(.text.TIM7_IRQHandler) for TIM7_IRQHandler
    startup_stm32f103xe.o(.text) refers to system_stm32f1xx.o(.text.SystemInit) for SystemInit
    startup_stm32f103xe.o(.text) refers to entry.o(.ARM.Collect$$$$00000000) for __main
    main.o(.text.main) refers to stm32f1xx_hal.o(.text.HAL_Init) for HAL_Init
    main.o(.text.main) refers to stm32f1xx_hal_rcc.o(.text.HAL_RCC_OscConfig) for HAL_RCC_OscConfig
    main.o(.text.main) refers to stm32f1xx_hal_rcc.o(.text.HAL_RCC_ClockConfig) for HAL_RCC_ClockConfig
    main.o(.text.main) refers to gpio.o(.text.MX_GPIO_Init) for MX_GPIO_Init
    main.o(.text.main) refers to dma.o(.text.MX_DMA_Init) for MX_DMA_Init
    main.o(.text.main) refers to tim.o(.text.MX_TIM1_Init) for MX_TIM1_Init
    main.o(.text.main) refers to tim.o(.text.MX_TIM2_Init) for MX_TIM2_Init
    main.o(.text.main) refers to tim.o(.text.MX_TIM3_Init) for MX_TIM3_Init
    main.o(.text.main) refers to tim.o(.text.MX_TIM4_Init) for MX_TIM4_Init
    main.o(.text.main) refers to tim.o(.text.MX_TIM5_Init) for MX_TIM5_Init
    main.o(.text.main) refers to tim.o(.text.MX_TIM7_Init) for MX_TIM7_Init
    main.o(.text.main) refers to usart.o(.text.MX_USART1_UART_Init) for MX_USART1_UART_Init
    main.o(.text.main) refers to tim.o(.text.MX_TIM8_Init) for MX_TIM8_Init
    main.o(.text.main) refers to usart.o(.text.MX_USART2_UART_Init) for MX_USART2_UART_Init
    main.o(.text.main) refers to my.o(.text.My_Init) for My_Init
    main.o(.text.main) refers to my.o(.text.My_UART_DMA_Init) for My_UART_DMA_Init
    main.o(.ARM.exidx.text.main) refers to main.o(.text.main) for [Anonymous Symbol]
    main.o(.text.SystemClock_Config) refers to stm32f1xx_hal_rcc.o(.text.HAL_RCC_OscConfig) for HAL_RCC_OscConfig
    main.o(.text.SystemClock_Config) refers to stm32f1xx_hal_rcc.o(.text.HAL_RCC_ClockConfig) for HAL_RCC_ClockConfig
    main.o(.ARM.exidx.text.SystemClock_Config) refers to main.o(.text.SystemClock_Config) for [Anonymous Symbol]
    main.o(.ARM.exidx.text.Error_Handler) refers to main.o(.text.Error_Handler) for [Anonymous Symbol]
    gpio.o(.text.MX_GPIO_Init) refers to stm32f1xx_hal_gpio.o(.text.HAL_GPIO_WritePin) for HAL_GPIO_WritePin
    gpio.o(.text.MX_GPIO_Init) refers to stm32f1xx_hal_gpio.o(.text.HAL_GPIO_Init) for HAL_GPIO_Init
    gpio.o(.ARM.exidx.text.MX_GPIO_Init) refers to gpio.o(.text.MX_GPIO_Init) for [Anonymous Symbol]
    dma.o(.text.MX_DMA_Init) refers to stm32f1xx_hal_cortex.o(.text.HAL_NVIC_SetPriority) for HAL_NVIC_SetPriority
    dma.o(.text.MX_DMA_Init) refers to stm32f1xx_hal_cortex.o(.text.HAL_NVIC_EnableIRQ) for HAL_NVIC_EnableIRQ
    dma.o(.ARM.exidx.text.MX_DMA_Init) refers to dma.o(.text.MX_DMA_Init) for [Anonymous Symbol]
    tim.o(.text.MX_TIM1_Init) refers to tim.o(.bss.htim1) for htim1
    tim.o(.text.MX_TIM1_Init) refers to stm32f1xx_hal_tim.o(.text.HAL_TIM_Base_Init) for HAL_TIM_Base_Init
    tim.o(.text.MX_TIM1_Init) refers to main.o(.text.Error_Handler) for Error_Handler
    tim.o(.text.MX_TIM1_Init) refers to stm32f1xx_hal_tim.o(.text.HAL_TIM_ConfigClockSource) for HAL_TIM_ConfigClockSource
    tim.o(.text.MX_TIM1_Init) refers to stm32f1xx_hal_tim.o(.text.HAL_TIM_PWM_Init) for HAL_TIM_PWM_Init
[...]
    Removing stm32f1xx_hal_uart.o(.ARM.exidx.text.HAL_HalfDuplex_EnableTransmitter), (8 bytes).
    Removing stm32f1xx_hal_uart.o(.text.HAL_HalfDuplex_EnableReceiver), (46 bytes).
    Removing stm32f1xx_hal_uart.o(.ARM.exidx.text.HAL_HalfDuplex_EnableReceiver), (8 bytes).
    Removing stm32f1xx_hal_uart.o(.text.HAL_UART_GetState), (14 bytes).
    Removing stm32f1xx_hal_uart.o(.ARM.exidx.text.HAL_UART_GetState), (8 bytes).
    Removing stm32f1xx_hal_uart.o(.text.HAL_UART_GetError), (4 bytes).
    Removing stm32f1xx_hal_uart.o(.ARM.exidx.text.HAL_UART_GetError), (8 bytes).
    Removing stm32f1xx_hal_uart.o(.ARM.exidx.text.UART_DMAReceiveCplt), (8 bytes).
    Removing stm32f1xx_hal_uart.o(.ARM.exidx.text.UART_DMARxHalfCplt), (8 bytes).
    Removing system_stm32f1xx.o(.text), (0 bytes).
    Removing system_stm32f1xx.o(.ARM.exidx.text.SystemInit), (8 bytes).
    Removing system_stm32f1xx.o(.text.SystemCoreClockUpdate), (92 bytes).
    Removing system_stm32f1xx.o(.ARM.exidx.text.SystemCoreClockUpdate), (8 bytes).
    Removing dj.o(.text), (0 bytes).
    Removing dj.o(.ARM.exidx.text.MY_PID_Init), (8 bytes).
    Removing dj.o(.ARM.exidx.text.DJ_init), (8 bytes).
    Removing dj.o(.ARM.exidx.text.DJ_base_run), (8 bytes).
    Removing dj.o(.ARM.exidx.text.DJ_Wheel_Set), (8 bytes).
    Removing dj.o(.ARM.exidx.text.DJ_stop), (8 bytes).
    Removing dj.o(.ARM.exidx.text.HAL_TIM_PeriodElapsedCallback), (8 bytes).
    Removing dj.o(.text.My_vofa_scan), (70 bytes).
    Removing dj.o(.ARM.exidx.text.My_vofa_scan), (8 bytes).
    Removing dj.o(.text.My_Uart_scan), (140 bytes).
    Removing dj.o(.ARM.exidx.text.My_Uart_scan), (8 bytes).
    Removing oled.o(.text), (0 bytes).
    Removing oled.o(.text.OLED_I2C_Init), (100 bytes).
    Removing oled.o(.ARM.exidx.text.OLED_I2C_Init), (8 bytes).
    Removing oled.o(.text.OLED_I2C_Start), (54 bytes).
    Removing oled.o(.ARM.exidx.text.OLED_I2C_Start), (8 bytes).
    Removing oled.o(.text.OLED_I2C_Stop), (44 bytes).
    Removing oled.o(.ARM.exidx.text.OLED_I2C_Stop), (8 bytes).
    Removing oled.o(.text.OLED_I2C_SendByte), (290 bytes).
    Removing oled.o(.ARM.exidx.text.OLED_I2C_SendByte), (8 bytes).
    Removing oled.o(.text.OLED_WriteCommand), (104 bytes).
    Removing oled.o(.ARM.exidx.text.OLED_WriteCommand), (8 bytes).
    Removing oled.o(.text.OLED_WriteData), (104 bytes).
    Removing oled.o(.ARM.exidx.text.OLED_WriteData), (8 bytes).
    Removing oled.o(.text.OLED_SetCursor), (32 bytes).
    Removing oled.o(.ARM.exidx.text.OLED_SetCursor), (8 bytes).
    Removing oled.o(.text.OLED_Clear), (146 bytes).
    Removing oled.o(.ARM.exidx.text.OLED_Clear), (8 bytes).
    Removing oled.o(.text.OLED_ShowChar), (216 bytes).
    Removing oled.o(.ARM.exidx.text.OLED_ShowChar), (8 bytes).
    Removing oled.o(.text.OLED_ShowString), (42 bytes).
    Removing oled.o(.ARM.exidx.text.OLED_ShowString), (8 bytes).
    Removing oled.o(.text.OLED_Pow), (64 bytes).
    Removing oled.o(.ARM.exidx.text.OLED_Pow), (8 bytes).
    Removing oled.o(.text.OLED_ShowNum), (180 bytes).
    Removing oled.o(.ARM.exidx.text.OLED_ShowNum), (8 bytes).
    Removing oled.o(.text.OLED_ShowSignedNum), (206 bytes).
    Removing oled.o(.ARM.exidx.text.OLED_ShowSignedNum), (8 bytes).
    Removing oled.o(.text.OLED_ShowHexNum), (148 bytes).
    Removing oled.o(.ARM.exidx.text.OLED_ShowHexNum), (8 bytes).
    Removing oled.o(.text.OLED_ShowBinNum), (140 bytes).
    Removing oled.o(.ARM.exidx.text.OLED_ShowBinNum), (8 bytes).
    Removing oled.o(.text.OLED_Init), (242 bytes).
    Removing oled.o(.ARM.exidx.text.OLED_Init), (8 bytes).
    Removing oled.o(.rodata.OLED_F8x16), (1520 bytes).
    Removing pid.o(.text), (0 bytes).
    Removing pid.o(.ARM.exidx.text.PID_Init), (8 bytes).
    Removing pid.o(.ARM.exidx.text.PID_Calculate), (8 bytes).
    Removing pid.o(.ARM.exidx.text.PID_SetTargetRpm), (8 bytes).
    Removing vofa.o(.text), (0 bytes).
    Removing vofa.o(.text.TX_nums_write), (26 bytes).
    Removing vofa.o(.ARM.exidx.text.TX_nums_write), (8 bytes).
    Removing vofa.o(.text.TX_nums_read), (30 bytes).
    Removing vofa.o(.ARM.exidx.text.TX_nums_read), (8 bytes).
    Removing vofa.o(.text.Transmit), (228 bytes).
    Removing vofa.o(.ARM.exidx.text.Transmit), (8 bytes).
    Removing vofa.o(.text.fputc), (32 bytes).
    Removing vofa.o(.ARM.exidx.text.fputc), (8 bytes).
    Removing vofa.o(.text.Receive_Init), (26 bytes).
    Removing vofa.o(.ARM.exidx.text.Receive_Init), (8 bytes).
    Removing vofa.o(.text.RX_nums_write), (26 bytes).
    Removing vofa.o(.ARM.exidx.text.RX_nums_write), (8 bytes).
    Removing vofa.o(.text.RX_nums_read), (24 bytes).
    Removing vofa.o(.ARM.exidx.text.RX_nums_read), (8 bytes).
    Removing vofa.o(.text.Receive), (62 bytes).
    Removing vofa.o(.ARM.exidx.text.Receive), (8 bytes).
    Removing vofa.o(.ARM.exidx.text.HAL_UARTEx_RxEventCallback), (8 bytes).
    Removing vofa.o(.bss.run_state), (4 bytes).
    Removing vofa.o(.bss.TX_nums), (20 bytes).
    Removing sg.o(.text), (0 bytes).
    Removing sg.o(.ARM.exidx.text.SG_Init), (8 bytes).
    Removing sg.o(.text.SG_SetAngle), (124 bytes).
    Removing sg.o(.ARM.exidx.text.SG_SetAngle), (8 bytes).
    Removing sg.o(.ARM.exidx.text.SG_Open), (8 bytes).
    Removing sg.o(.ARM.exidx.text.SG_Close), (8 bytes).
    Removing my.o(.text), (0 bytes).
    Removing my.o(.ARM.exidx.text.My_UART_DMA_Init), (8 bytes).
    Removing my.o(.ARM.exidx.text.My_UART_Cmd_Parse), (8 bytes).
    Removing my.o(.text.My_Get_UART_Cmd), (22 bytes).
    Removing my.o(.ARM.exidx.text.My_Get_UART_Cmd), (8 bytes).
    Removing my.o(.ARM.exidx.text.My_Init), (8 bytes).
    Removing my.o(.ARM.exidx.text.My_run), (8 bytes).
    Removing fcmplt.o(.text), (28 bytes).
    Removing dfixul.o(.text), (48 bytes).
    Removing cdrcmple.o(.text), (48 bytes).

770 unused section(s) (total 41612 bytes) removed from the image.

==============================================================================

Image Symbol Table

    Local Symbols

    Symbol Name                              Value     Ov Type        Size  Object(Section)

    ../clib/division.s                       0x00000000   Number         0  aeabi_sdiv.o ABSOLUTE
    ../clib/microlib/ctype/ctype.c           0x00000000   Number         0  isspace_c.o ABSOLUTE
    ../clib/microlib/ctype/ctype.c           0x00000000   Number         0  ctype_c.o ABSOLUTE
    ../clib/microlib/division.c              0x00000000   Number         0  uidiv.o ABSOLUTE
    ../clib/microlib/division.c              0x00000000   Number         0  uldiv.o ABSOLUTE
    ../clib/microlib/init/entry.s            0x00000000   Number         0  entry.o ABSOLUTE
    ../clib/microlib/init/entry.s            0x00000000   Number         0  entry2.o ABSOLUTE
    ../clib/microlib/init/entry.s            0x00000000   Number         0  entry5.o ABSOLUTE
    ../clib/microlib/init/entry.s            0x00000000   Number         0  entry7a.o ABSOLUTE
    ../clib/microlib/init/entry.s            0x00000000   Number         0  entry7b.o ABSOLUTE
    ../clib/microlib/init/entry.s            0x00000000   Number         0  entry8a.o ABSOLUTE
    ../clib/microlib/init/entry.s            0x00000000   Number         0  entry8b.o ABSOLUTE
    ../clib/microlib/init/entry.s            0x00000000   Number         0  entry9a.o ABSOLUTE
    ../clib/microlib/init/entry.s            0x00000000   Number         0  entry9b.o ABSOLUTE
    ../clib/microlib/init/entry.s            0x00000000   Number         0  entry10a.o ABSOLUTE
    ../clib/microlib/init/entry.s            0x00000000   Number         0  entry10b.o ABSOLUTE
    ../clib/microlib/init/entry.s            0x00000000   Number         0  entry11a.o ABSOLUTE
    ../clib/microlib/init/entry.s            0x00000000   Number         0  entry11b.o ABSOLUTE
    ../clib/microlib/longlong.c              0x00000000   Number         0  llshl.o ABSOLUTE
    ../clib/microlib/longlong.c              0x00000000   Number         0  llsshr.o ABSOLUTE
    ../clib/microlib/longlong.c              0x00000000   Number         0  llushr.o ABSOLUTE
    ../clib/microlib/printf/printf.c         0x00000000   Number         0  printfb.o ABSOLUTE
    ../clib/microlib/printf/printf.c         0x00000000   Number         0  printf0.o ABSOLUTE
    ../clib/microlib/printf/printf.c         0x00000000   Number         0  printf1.o ABSOLUTE
    ../clib/microlib/printf/printf.c         0x00000000   Number         0  printf2.o ABSOLUTE
    ../clib/microlib/printf/printf.c         0x00000000   Number         0  printf3.o ABSOLUTE
    ../clib/microlib/printf/printf.c         0x00000000   Number         0  printf4.o ABSOLUTE
    ../clib/microlib/printf/printf.c         0x00000000   Number         0  printf5.o ABSOLUTE
    ../clib/microlib/printf/printf.c         0x00000000   Number         0  printf6.o ABSOLUTE
    ../clib/microlib/printf/printf.c         0x00000000   Number         0  printf7.o ABSOLUTE
    ../clib/microlib/printf/printf.c         0x00000000   Number         0  printf8.o ABSOLUTE
    ../clib/microlib/printf/printf.c         0x00000000   Number         0  printfa.o ABSOLUTE
    ../clib/microlib/printf/stubs.s          0x00000000   Number         0  printfstubs.o ABSOLUTE
    ../clib/microlib/stdio/streams.c         0x00000000   Number         0  stdout.o ABSOLUTE
    ../clib/microlib/string/memset.c         0x00000000   Number         0  memseta.o ABSOLUTE
    ../clib/microlib/stubs.s                 0x00000000   Number         0  iusefp.o ABSOLUTE
    ../clib/scanf.c                          0x00000000   Number         0  __0sscanf.o ABSOLUTE
    ../clib/scanf.c                          0x00000000   Number         0  scanf_fp.o ABSOLUTE
    ../clib/scanf.c                          0x00000000   Number         0  scanf_char.o ABSOLUTE
    ../clib/scanf.c                          0x00000000   Number         0  _sgetc.o ABSOLUTE
    ../clib/scanf.c                          0x00000000   Number         0  _scanf.o ABSOLUTE
    ../fplib/microlib/d2f.c                  0x00000000   Number         0  d2f.o ABSOLUTE
    ../fplib/microlib/f2d.c                  0x00000000   Number         0  f2d.o ABSOLUTE
    ../fplib/microlib/fpadd.c                0x00000000   Number         0  fadd.o ABSOLUTE
    ../fplib/microlib/fpadd.c                0x00000000   Number         0  dadd.o ABSOLUTE
    ../fplib/microlib/fpcmp.c                0x00000000   Number         0  fcmple.o ABSOLUTE
    ../fplib/microlib/fpcmp.c                0x00000000   Number         0  fcmplt.o ABSOLUTE
    ../fplib/microlib/fpcmp.c                0x00000000   Number         0  fcmpge.o ABSOLUTE
    ../fplib/microlib/fpcmp.c                0x00000000   Number         0  fcmpgt.o ABSOLUTE
    ../fplib/microlib/fpdiv.c                0x00000000   Number         0  fdiv.o ABSOLUTE
    ../fplib/microlib/fpdiv.c                0x00000000   Number         0  ddiv.o ABSOLUTE
    ../fplib/microlib/fpepilogue.c           0x00000000   Number         0  fepilogue.o ABSOLUTE
    ../fplib/microlib/fpepilogue.c           0x00000000   Number         0  depilogue.o ABSOLUTE
    ../fplib/microlib/fpfix.c                0x00000000   Number         0  ffixi.o ABSOLUTE
    ../fplib/microlib/fpfix.c                0x00000000   Number         0  ffixui.o ABSOLUTE
    ../fplib/microlib/fpfix.c                0x00000000   Number         0  dfixul.o ABSOLUTE
    ../fplib/microlib/fpflt.c                0x00000000   Number         0  fflti.o ABSOLUTE
    ../fplib/microlib/fpflt.c                0x00000000   Number         0  ffltui.o ABSOLUTE
    ../fplib/microlib/fpflt.c                0x00000000   Number         0  dfltul.o ABSOLUTE
    ../fplib/microlib/fpmul.c                0x00000000   Number         0  fmul.o ABSOLUTE
    ../fplib/microlib/fpmul.c                0x00000000   Number         0  dmul.o ABSOLUTE
    DJ.c                                     0x00000000   Number         0  dj.o ABSOLUTE
    My.c                                     0x00000000   Number         0  my.o ABSOLUTE
    OLED.c                                   0x00000000   Number         0  oled.o ABSOLUTE
    PID.c                                    0x00000000   Number         0  pid.o ABSOLUTE
    SG.c                                     0x00000000   Number         0  sg.o ABSOLUTE
    VOFA.c                                   0x00000000   Number         0  vofa.o ABSOLUTE
    cdrcmple.s                               0x00000000   Number         0  cdrcmple.o ABSOLUTE
    dc.s                                     0x00000000   Number         0  dc.o ABSOLUTE
    dma.c                                    0x00000000   Number         0  dma.o ABSOLUTE
    gpio.c                                   0x00000000   Number         0  gpio.o ABSOLUTE
    handlers.s                               0x00000000   Number         0  handlers.o ABSOLUTE
    init.s                                   0x00000000   Number         0  init.o ABSOLUTE
    main.c                                   0x00000000   Number         0  main.o ABSOLUTE
    startup_stm32f103xe.s                    0x00000000   Number         0  startup_stm32f103xe.o ABSOLUTE
    stm32f1xx_hal.c                          0x00000000   Number         0  stm32f1xx_hal.o ABSOLUTE
    stm32f1xx_hal_cortex.c                   0x00000000   Number         0  stm32f1xx_hal_cortex.o ABSOLUTE
    stm32f1xx_hal_dma.c                      0x00000000   Number         0  stm32f1xx_hal_dma.o ABSOLUTE
    stm32f1xx_hal_exti.c                     0x00000000   Number         0  stm32f1xx_hal_exti.o ABSOLUTE
    stm32f1xx_hal_flash.c                    0x00000000   Number         0  stm32f1xx_hal_flash.o ABSOLUTE
    stm32f1xx_hal_flash_ex.c                 0x00000000   Number         0  stm32f1xx_hal_flash_ex.o ABSOLUTE
    stm32f1xx_hal_gpio.c                     0x00000000   Number         0  stm32f1xx_hal_gpio.o ABSOLUTE
    stm32f1xx_hal_gpio_ex.c                  0x00000000   Number         0  stm32f1xx_hal_gpio_ex.o ABSOLUTE
    stm32f1xx_hal_msp.c                      0x00000000   Number         0  stm32f1xx_hal_msp.o ABSOLUTE
    stm32f1xx_hal_pwr.c                      0x00000000   Number         0  stm32f1xx_hal_pwr.o ABSOLUTE
    stm32f1xx_hal_rcc.c                      0x00000000   Number         0  stm32f1xx_hal_rcc.o ABSOLUTE
    stm32f1xx_hal_rcc_ex.c                   0x00000000   Number         0  stm32f1xx_hal_rcc_ex.o ABSOLUTE
    stm32f1xx_hal_tim.c                      0x00000000   Number         0  stm32f1xx_hal_tim.o ABSOLUTE
    stm32f1xx_hal_tim_ex.c                   0x00000000   Number         0  stm32f1xx_hal_tim_ex.o ABSOLUTE
    stm32f1xx_hal_uart.c                     0x00000000   Number         0  stm32f1xx_hal_uart.o ABSOLUTE
    stm32f1xx_it.c                           0x00000000   Number         0  stm32f1xx_it.o ABSOLUTE
    system_stm32f1xx.c                       0x00000000   Number         0  system_stm32f1xx.o ABSOLUTE
    tim.c                                    0x00000000   Number         0  tim.o ABSOLUTE
    usart.c                                  0x00000000   Number         0  usart.o ABSOLUTE
    RESET                                    0x08000000   Section      304  startup_stm32f103xe.o(RESET)
    .ARM.Collect$$$$00000000                 0x08000130   Section        0  entry.o(.ARM.Collect$$$$00000000)
    .ARM.Collect$$$$00000001                 0x08000130   Section        4  entry2.o(.ARM.Collect$$$$00000001)
    .ARM.Collect$$$$00000004                 0x08000134   Section        4  entry5.o(.ARM.Collect$$$$00000004)
    .ARM.Collect$$$$00000008                 0x08000138   Section        0  entry7b.o(.ARM.Collect$$$$00000008)
    .ARM.Collect$$$$0000000A                 0x08000138   Section        0  entry8b.o(.ARM.Collect$$$$0000000A)
    .ARM.Collect$$$$0000000B                 0x08000138   Section        8  entry9a.o(.ARM.Collect$$$$0000000B)
    __lit__00000000                          0x08000140   Data           4  entry2.o(.ARM.Collect$$$$00002712)
    .ARM.Collect$$$$0000000D                 0x08000140   Section        0  entry10a.o(.ARM.Collect$$$$0000000D)
    .ARM.Collect$$$$0000000F                 0x08000140   Section        0  entry11a.o(.ARM.Collect$$$$0000000F)
    .ARM.Collect$$$$00002712                 0x08000140   Section        4  entry2.o(.ARM.Collect$$$$00002712)
    .text                                    0x08000144   Section       36  startup_stm32f103xe.o(.text)
    .text                                    0x08000168   Section        0  __0sscanf.o(.text)
    _fp_value                                0x080001a1   Thumb Code   296  scanf_fp.o(.text)
    .text                                    0x080001a0   Section        0  scanf_fp.o(.text)
    .text                                    0x08000500   Section        0  fadd.o(.text)
    .text                                    0x080005b0   Section        0  fmul.o(.text)
    .text                                    0x08000614   Section        0  fdiv.o(.text)
    .text                                    0x08000690   Section        0  dadd.o(.text)
    .text                                    0x080007de   Section        0  dmul.o(.text)
    .text                                    0x080008c2   Section        0  ddiv.o(.text)
    .text                                    0x080009a0   Section        0  fcmple.o(.text)
    .text                                    0x080009bc   Section        0  fcmpge.o(.text)
    .text                                    0x080009d8   Section        0  fcmpgt.o(.text)
    .text                                    0x080009f4   Section        0  fflti.o(.text)
    .text                                    0x08000a06   Section        0  ffltui.o(.text)
    .text                                    0x08000a10   Section        0  ffixi.o(.text)
    .text                                    0x08000a42   Section        0  ffixui.o(.text)
    .text                                    0x08000a6a   Section        0  f2d.o(.text)
    .text                                    0x08000a90   Section        0  d2f.o(.text)
    .text                                    0x08000ac8   Section        0  llshl.o(.text)
    .text                                    0x08000ae6   Section        0  llsshr.o(.text)
    _scanf_char_input                        0x08000b0d   Thumb Code    12  scanf_char.o(.text)
    .text                                    0x08000b0c   Section        0  scanf_char.o(.text)
    .text                                    0x08000b34   Section        0  _sgetc.o(.text)
    .text                                    0x08000b74   Section        0  iusefp.o(.text)
    .text                                    0x08000b74   Section        0  fepilogue.o(.text)
    .text                                    0x08000be2   Section        0  depilogue.o(.text)
    .text                                    0x08000c9c   Section        0  dfltul.o(.text)
    .text                                    0x08000cb4   Section       48  init.o(.text)
    .text                                    0x08000ce4   Section        0  llushr.o(.text)
    .text                                    0x08000d04   Section        0  isspace_c.o(.text)
    .text                                    0x08000d10   Section        0  _scanf.o(.text)
    .text                                    0x0800103c   Section        0  ctype_c.o(.text)
    [Anonymous Symbol]                       0x08001064   Section        0  stm32f1xx_it.o(.text.BusFault_Handler)
    [Anonymous Symbol]                       0x08001068   Section        0  dj.o(.text.DJ_Wheel_Set)
    [Anonymous Symbol]                       0x080010d8   Section        0  dj.o(.text.DJ_base_run)
    [Anonymous Symbol]                       0x080011b0   Section        0  dj.o(.text.DJ_init)
    [Anonymous Symbol]                       0x0800159c   Section        0  dj.o(.text.DJ_stop)
    [Anonymous Symbol]                       0x08001710   Section        0  stm32f1xx_it.o(.text.DMA1_Channel6_IRQHandler)
    [Anonymous Symbol]                       0x0800171c   Section        0  stm32f1xx_it.o(.text.DMA1_Channel7_IRQHandler)
    [Anonymous Symbol]                       0x08001728   Section        0  stm32f1xx_it.o(.text.DebugMon_Handler)
    [Anonymous Symbol]                       0x0800172c   Section        0  main.o(.text.Error_Handler)
    [Anonymous Symbol]                       0x08001738   Section        0  stm32f1xx_hal_dma.o(.text.HAL_DMA_Abort)
    [Anonymous Symbol]                       0x08001780   Section        0  stm32f1xx_hal_dma.o(.text.HAL_DMA_Abort_IT)
    [Anonymous Symbol]                       0x080018b0   Section        0  stm32f1xx_hal_dma.o(.text.HAL_DMA_IRQHandler)
    [Anonymous Symbol]                       0x08001b40   Section        0  stm32f1xx_hal_dma.o(.text.HAL_DMA_Init)
    [Anonymous Symbol]                       0x08001be0   Section        0  stm32f1xx_hal_dma.o(.text.HAL_DMA_Start_IT)
    [Anonymous Symbol]                       0x08001c80   Section        0  stm32f1xx_hal.o(.text.HAL_Delay)
    [Anonymous Symbol]                       0x08001ca8   Section        0  stm32f1xx_hal_gpio.o(.text.HAL_GPIO_Init)
    [Anonymous Symbol]                       0x08001e9c   Section        0  stm32f1xx_hal_gpio.o(.text.HAL_GPIO_WritePin)
    [Anonymous Symbol]                       0x08001ea8   Section        0  stm32f1xx_hal.o(.text.HAL_GetTick)
    [Anonymous Symbol]                       0x08001eb4   Section        0  stm32f1xx_hal.o(.text.HAL_IncTick)
    [Anonymous Symbol]                       0x08001ed0   Section        0  stm32f1xx_hal.o(.text.HAL_Init)
    [Anonymous Symbol]                       0x08001ef8   Section        0  stm32f1xx_hal.o(.text.HAL_InitTick)
    [Anonymous Symbol]                       0x08001f40   Section        0  stm32f1xx_hal_msp.o(.text.HAL_MspInit)
    [Anonymous Symbol]                       0x08001f84   Section        0  stm32f1xx_hal_cortex.o(.text.HAL_NVIC_EnableIRQ)
    [Anonymous Symbol]                       0x08001fa8   Section        0  stm32f1xx_hal_cortex.o(.text.HAL_NVIC_SetPriority)
    [Anonymous Symbol]                       0x08002000   Section        0  stm32f1xx_hal_cortex.o(.text.HAL_NVIC_SetPriorityGrouping)
    [Anonymous Symbol]                       0x08002020   Section        0  stm32f1xx_hal_rcc.o(.text.HAL_RCC_ClockConfig)
    [Anonymous Symbol]                       0x080021e4   Section        0  stm32f1xx_hal_rcc.o(.text.HAL_RCC_GetPCLK1Freq)
    [Anonymous Symbol]                       0x0800220c   Section        0  stm32f1xx_hal_rcc.o(.text.HAL_RCC_GetPCLK2Freq)
    [Anonymous Symbol]                       0x08002234   Section        0  stm32f1xx_hal_rcc.o(.text.HAL_RCC_OscConfig)
    [Anonymous Symbol]                       0x08002634   Section        0  stm32f1xx_hal_cortex.o(.text.HAL_SYSTICK_Config)
    [Anonymous Symbol]                       0x08002660   Section        0  stm32f1xx_hal_tim_ex.o(.text.HAL_TIMEx_BreakCallback)
    [Anonymous Symbol]                       0x08002664   Section        0  stm32f1xx_hal_tim_ex.o(.text.HAL_TIMEx_CommutCallback)
    [Anonymous Symbol]                       0x08002668   Section        0  stm32f1xx_hal_tim_ex.o(.text.HAL_TIMEx_ConfigBreakDeadTime)
    [Anonymous Symbol]                       0x080026b8   Section        0  stm32f1xx_hal_tim_ex.o(.text.HAL_TIMEx_MasterConfigSynchronization)
    [Anonymous Symbol]                       0x08002750   Section        0  stm32f1xx_hal_tim.o(.text.HAL_TIM_Base_Init)
    [Anonymous Symbol]                       0x080027ac   Section        0  tim.o(.text.HAL_TIM_Base_MspInit)
    [Anonymous Symbol]                       0x08002844   Section        0  stm32f1xx_hal_tim.o(.text.HAL_TIM_Base_Start_IT)
    [Anonymous Symbol]                       0x080028cc   Section        0  stm32f1xx_hal_tim.o(.text.HAL_TIM_ConfigClockSource)
    [Anonymous Symbol]                       0x08002a6c   Section        0  stm32f1xx_hal_tim.o(.text.HAL_TIM_Encoder_Init)
    [Anonymous Symbol]                       0x08002b20   Section        0  tim.o(.text.HAL_TIM_Encoder_MspInit)
    [Anonymous Symbol]                       0x08002cb8   Section        0  stm32f1xx_hal_tim.o(.text.HAL_TIM_Encoder_Start)
    [Anonymous Symbol]                       0x08002d74   Section        0  stm32f1xx_hal_tim.o(.text.HAL_TIM_IC_CaptureCallback)
    [Anonymous Symbol]                       0x08002d78   Section        0  stm32f1xx_hal_tim.o(.text.HAL_TIM_IRQHandler)
    [Anonymous Symbol]                       0x08002ec8   Section        0  stm32f1xx_hal_tim.o(.text.HAL_TIM_OC_DelayElapsedCallback)
    [Anonymous Symbol]                       0x08002ecc   Section        0  stm32f1xx_hal_tim.o(.text.HAL_TIM_PWM_ConfigChannel)
    [Anonymous Symbol]                       0x08003138   Section        0  stm32f1xx_hal_tim.o(.text.HAL_TIM_PWM_Init)
    [Anonymous Symbol]                       0x08003194   Section        0  stm32f1xx_hal_tim.o(.text.HAL_TIM_PWM_MspInit)
    [Anonymous Symbol]                       0x08003198   Section        0  stm32f1xx_hal_tim.o(.text.HAL_TIM_PWM_PulseFinishedCallback)
    [Anonymous Symbol]                       0x0800319c   Section        0  stm32f1xx_hal_tim.o(.text.HAL_TIM_PWM_Start)
    [Anonymous Symbol]                       0x0800327c   Section        0  dj.o(.text.HAL_TIM_PeriodElapsedCallback)
    [Anonymous Symbol]                       0x08003550   Section        0  stm32f1xx_hal_tim.o(.text.HAL_TIM_TriggerCallback)
    [Anonymous Symbol]                       0x08003554   Section        0  stm32f1xx_hal_uart.o(.text.HAL_UARTEx_ReceiveToIdle_IT)
    [Anonymous Symbol]                       0x0800361c   Section        0  vofa.o(.text.HAL_UARTEx_RxEventCallback)
    [Anonymous Symbol]                       0x08003680   Section        0  stm32f1xx_hal_uart.o(.text.HAL_UART_DMAStop)
    [Anonymous Symbol]                       0x0800389c   Section        0  stm32f1xx_hal_uart.o(.text.HAL_UART_ErrorCallback)
    [Anonymous Symbol]                       0x080038a0   Section        0  stm32f1xx_hal_uart.o(.text.HAL_UART_IRQHandler)
    [Anonymous Symbol]                       0x08003e10   Section        0  stm32f1xx_hal_uart.o(.text.HAL_UART_Init)
    [Anonymous Symbol]                       0x08003ef4   Section        0  usart.o(.text.HAL_UART_MspInit)
    [Anonymous Symbol]                       0x08004078   Section        0  stm32f1xx_hal_uart.o(.text.HAL_UART_Receive_DMA)
    [Anonymous Symbol]                       0x080041d8   Section        0  stm32f1xx_hal_uart.o(.text.HAL_UART_RxCpltCallback)
    [Anonymous Symbol]                       0x080041dc   Section        0  stm32f1xx_hal_uart.o(.text.HAL_UART_RxHalfCpltCallback)
    [Anonymous Symbol]                       0x080041e0   Section        0  stm32f1xx_hal_uart.o(.text.HAL_UART_TxCpltCallback)
    [Anonymous Symbol]                       0x080041e4   Section        0  stm32f1xx_it.o(.text.HardFault_Handler)
    [Anonymous Symbol]                       0x080041e8   Section        0  dma.o(.text.MX_DMA_Init)
    [Anonymous Symbol]                       0x0800422c   Section        0  gpio.o(.text.MX_GPIO_Init)
    [Anonymous Symbol]                       0x08004314   Section        0  tim.o(.text.MX_TIM1_Init)
    [Anonymous Symbol]                       0x080044fc   Section        0  tim.o(.text.MX_TIM2_Init)
    [Anonymous Symbol]                       0x08004560   Section        0  tim.o(.text.MX_TIM3_Init)
    [Anonymous Symbol]                       0x080045c8   Section        0  tim.o(.text.MX_TIM4_Init)
    [Anonymous Symbol]                       0x08004630   Section        0  tim.o(.text.MX_TIM5_Init)
    [Anonymous Symbol]                       0x08004698   Section        0  tim.o(.text.MX_TIM7_Init)
    [Anonymous Symbol]                       0x080046ec   Section        0  tim.o(.text.MX_TIM8_Init)
    [Anonymous Symbol]                       0x080048d4   Section        0  usart.o(.text.MX_USART1_UART_Init)
    [Anonymous Symbol]                       0x08004910   Section        0  usart.o(.text.MX_USART2_UART_Init)
    [Anonymous Symbol]                       0x0800494c   Section        0  dj.o(.text.MY_PID_Init)
    [Anonymous Symbol]                       0x080049c4   Section        0  stm32f1xx_it.o(.text.MemManage_Handler)
    [Anonymous Symbol]                       0x080049c8   Section        0  my.o(.text.My_Init)
    [Anonymous Symbol]                       0x08004a00   Section        0  my.o(.text.My_UART_Cmd_Parse)
    [Anonymous Symbol]                       0x08004a6c   Section        0  my.o(.text.My_UART_DMA_Init)
    [Anonymous Symbol]                       0x08004a98   Section        0  my.o(.text.My_run)
    [Anonymous Symbol]                       0x08004d44   Section        0  stm32f1xx_it.o(.text.NMI_Handler)
    [Anonymous Symbol]                       0x08004d48   Section        0  pid.o(.text.PID_Calculate)
    [Anonymous Symbol]                       0x08004e00   Section        0  pid.o(.text.PID_Init)
    [Anonymous Symbol]                       0x08004e60   Section        0  pid.o(.text.PID_SetTargetRpm)
    [Anonymous Symbol]                       0x08004e68   Section        0  stm32f1xx_it.o(.text.PendSV_Handler)
    [Anonymous Symbol]                       0x08004e6c   Section        0  sg.o(.text.SG_Close)
    [Anonymous Symbol]                       0x08004e84   Section        0  sg.o(.text.SG_Init)
    [Anonymous Symbol]                       0x08004ee4   Section        0  sg.o(.text.SG_Open)
    [Anonymous Symbol]                       0x08004efc   Section        0  stm32f1xx_it.o(.text.SVC_Handler)
    [Anonymous Symbol]                       0x08004f00   Section        0  stm32f1xx_it.o(.text.SysTick_Handler)
    [Anonymous Symbol]                       0x08004f04   Section        0  system_stm32f1xx.o(.text.SystemInit)
    [Anonymous Symbol]                       0x08004f08   Section        0  stm32f1xx_it.o(.text.TIM7_IRQHandler)
    [Anonymous Symbol]                       0x08004f14   Section        0  stm32f1xx_hal_tim.o(.text.TIM_Base_SetConfig)
    UART_DMAAbortOnError                     0x08004ffd   Thumb Code    12  stm32f1xx_hal_uart.o(.text.UART_DMAAbortOnError)
    [Anonymous Symbol]                       0x08004ffc   Section        0  stm32f1xx_hal_uart.o(.text.UART_DMAAbortOnError)
    UART_DMAError                            0x08005009   Thumb Code   380  stm32f1xx_hal_uart.o(.text.UART_DMAError)
    [Anonymous Symbol]                       0x08005008   Section        0  stm32f1xx_hal_uart.o(.text.UART_DMAError)
    UART_DMAReceiveCplt                      0x08005185   Thumb Code   350  stm32f1xx_hal_uart.o(.text.UART_DMAReceiveCplt)
    [Anonymous Symbol]                       0x08005184   Section        0  stm32f1xx_hal_uart.o(.text.UART_DMAReceiveCplt)
    UART_DMARxHalfCplt                       0x080052e5   Thumb Code    24  stm32f1xx_hal_uart.o(.text.UART_DMARxHalfCplt)
    [Anonymous Symbol]                       0x080052e4   Section        0  stm32f1xx_hal_uart.o(.text.UART_DMARxHalfCplt)
    UART_Receive_IT                          0x080052fd   Thumb Code   254  stm32f1xx_hal_uart.o(.text.UART_Receive_IT)
    [Anonymous Symbol]                       0x080052fc   Section        0  stm32f1xx_hal_uart.o(.text.UART_Receive_IT)
    [Anonymous Symbol]                       0x080053fc   Section        0  stm32f1xx_it.o(.text.USART1_IRQHandler)
    [Anonymous Symbol]                       0x08005408   Section        0  stm32f1xx_it.o(.text.USART2_IRQHandler)
    [Anonymous Symbol]                       0x08005454   Section        0  stm32f1xx_it.o(.text.UsageFault_Handler)
    [Anonymous Symbol]                       0x08005458   Section        0  main.o(.text.main)
    i.__scatterload_copy                     0x080054ee   Section       14  handlers.o(i.__scatterload_copy)
    i.__scatterload_null                     0x080054fc   Section        2  handlers.o(i.__scatterload_null)
    i.__scatterload_zeroinit                 0x080054fe   Section       14  handlers.o(i.__scatterload_zeroinit)
    i._is_digit                              0x0800550c   Section        0  scanf_fp.o(i._is_digit)
    .constdata                               0x0800551a   Section       64  ctype_c.o(.constdata)
    HAL_RCC_GetSysClockFreq.aPredivFactorTable 0x08005572   Data           2  stm32f1xx_hal_rcc.o(.rodata.HAL_RCC_GetSysClockFreq.aPredivFactorTable)
    [Anonymous Symbol]                       0x08005572   Section        0  stm32f1xx_hal_rcc.o(.rodata.HAL_RCC_GetSysClockFreq.aPredivFactorTable)
    HAL_RCC_GetSysClockFreq.aPLLMULFactorTable 0x08005574   Data          16  stm32f1xx_hal_rcc.o(.rodata.cst16)
    [Anonymous Symbol]                       0x08005574   Section        0  stm32f1xx_hal_rcc.o(.rodata.cst16)
    motor_default_config                     0x08005584   Data         176  dj.o(.rodata.motor_default_config)
    [Anonymous Symbol]                       0x08005584   Section        0  dj.o(.rodata.motor_default_config)
    .L.str.1                                 0x08005634   Data           4  vofa.o(.rodata.str1.1)
    .L.str.3                                 0x08005634   Data          26  vofa.o(.rodata.str1.1)
    [Anonymous Symbol]                       0x08005634   Section        0  vofa.o(.rodata.str1.1)
    .L_MergedGlobals                         0x20000000   Data           8  stm32f1xx_hal.o(.data..L_MergedGlobals)
    [Anonymous Symbol]                       0x20000000   Section        0  stm32f1xx_hal.o(.data..L_MergedGlobals)
    .L_MergedGlobals                         0x20000028   Data           4  dj.o(.bss..L_MergedGlobals)
    motor_state                              0x20000028   Data           1  dj.o(.bss..L_MergedGlobals)
    [Anonymous Symbol]                       0x20000028   Section        0  dj.o(.bss..L_MergedGlobals)
    it_cnt                                   0x2000002a   Data           2  dj.o(.bss..L_MergedGlobals)
    .L_MergedGlobals                         0x2000002c   Data          96  vofa.o(.bss..L_MergedGlobals)
    [Anonymous Symbol]                       0x2000002c   Section        0  vofa.o(.bss..L_MergedGlobals)
    .L_MergedGlobals                         0x2000008c   Data          44  my.o(.bss..L_MergedGlobals)
    uart_cmd                                 0x2000008c   Data          12  my.o(.bss..L_MergedGlobals)
    [Anonymous Symbol]                       0x2000008c   Section        0  my.o(.bss..L_MergedGlobals)
    uart_rx_buf                              0x20000098   Data          32  my.o(.bss..L_MergedGlobals)
    pid                                      0x20000478   Data         176  dj.o(.bss.pid)
    [Anonymous Symbol]                       0x20000478   Section        0  dj.o(.bss.pid)
    STACK                                    0x20000530   Section     1024  startup_stm32f103xe.o(STACK)

    Global Symbols

    Symbol Name                              Value     Ov Type        Size  Object(Section)

    BuildAttributes$$THM_ISAv4$P$D$K$B$S$PE$A:L22UL41UL21$X:L11$S22US41US21$IEEE1$IW$~IW$USESV6$~STKCKD$USESV7$~SHL$OTIME$ROPI$EBA8$MICROLIB$REQ8$PRES8$EABIv2 0x00000000   Number         0  anon$$obj.o ABSOLUTE
    _printf_a                                0x00000000   Number         0  printfstubs.o ABSOLUTE
    _printf_c                                0x00000000   Number         0  printfstubs.o ABSOLUTE
    _printf_charcount                        0x00000000   Number         0  printfstubs.o ABSOLUTE
    _printf_d                                0x00000000   Number         0  printfstubs.o ABSOLUTE
    _printf_e                                0x00000000   Number         0  printfstubs.o ABSOLUTE
    _printf_f                                0x00000000   Number         0  printfstubs.o ABSOLUTE
    _printf_flags                            0x00000000   Number         0  printfstubs.o ABSOLUTE
    _printf_fp_dec                           0x00000000   Number         0  printfstubs.o ABSOLUTE
    _printf_fp_hex                           0x00000000   Number         0  printfstubs.o ABSOLUTE
    _printf_g                                0x00000000   Number         0  printfstubs.o ABSOLUTE
    _printf_i                                0x00000000   Number         0  printfstubs.o ABSOLUTE
    _printf_int_dec                          0x00000000   Number         0  printfstubs.o ABSOLUTE
    _printf_l                                0x00000000   Number         0  printfstubs.o ABSOLUTE
    _printf_lc                               0x00000000   Number         0  printfstubs.o ABSOLUTE
    _printf_ll                               0x00000000   Number         0  printfstubs.o ABSOLUTE
    _printf_lld                              0x00000000   Number         0  printfstubs.o ABSOLUTE
    _printf_lli                              0x00000000   Number         0  printfstubs.o ABSOLUTE
    _printf_llo                              0x00000000   Number         0  printfstubs.o ABSOLUTE
    _printf_llu                              0x00000000   Number         0  printfstubs.o ABSOLUTE
    _printf_llx                              0x00000000   Number         0  printfstubs.o ABSOLUTE
    _printf_longlong_dec                     0x00000000   Number         0  printfstubs.o ABSOLUTE
    _printf_longlong_hex                     0x00000000   Number         0  printfstubs.o ABSOLUTE
    _printf_longlong_oct                     0x00000000   Number         0  printfstubs.o ABSOLUTE
    _printf_ls                               0x00000000   Number         0  printfstubs.o ABSOLUTE
    _printf_mbtowc                           0x00000000   Number         0  printfstubs.o ABSOLUTE
    _printf_n                                0x00000000   Number         0  printfstubs.o ABSOLUTE
    _printf_o                                0x00000000   Number         0  printfstubs.o ABSOLUTE
    _printf_p                                0x00000000   Number         0  printfstubs.o ABSOLUTE
    _printf_percent                          0x00000000   Number         0  printfstubs.o ABSOLUTE
    _printf_pre_padding                      0x00000000   Number         0  printfstubs.o ABSOLUTE
    _printf_return_value                     0x00000000   Number         0  printfstubs.o ABSOLUTE
    _printf_s                                0x00000000   Number         0  printfstubs.o ABSOLUTE
    _printf_sizespec                         0x00000000   Number         0  printfstubs.o ABSOLUTE
    _printf_str                              0x00000000   Number         0  printfstubs.o ABSOLUTE
    _printf_truncate_signed                  0x00000000   Number         0  printfstubs.o ABSOLUTE
    _printf_truncate_unsigned                0x00000000   Number         0  printfstubs.o ABSOLUTE
    _printf_u                                0x00000000   Number         0  printfstubs.o ABSOLUTE
    _printf_wc                               0x00000000   Number         0  printfstubs.o ABSOLUTE
    _printf_wctomb                           0x00000000   Number         0  printfstubs.o ABSOLUTE
    _printf_widthprec                        0x00000000   Number         0  printfstubs.o ABSOLUTE
    _printf_x                                0x00000000   Number         0  printfstubs.o ABSOLUTE
    __cpp_initialize__aeabi_                  - Undefined Weak Reference
    __cxa_finalize                            - Undefined Weak Reference
    __decompress                              - Undefined Weak Reference
    _clock_init                               - Undefined Weak Reference
    _microlib_exit                            - Undefined Weak Reference
    _scanf_int                                - Undefined Weak Reference
    _scanf_longlong                           - Undefined Weak Reference
    _scanf_string                             - Undefined Weak Reference
    __Vectors_Size                           0x00000130   Number         0  startup_stm32f103xe.o ABSOLUTE
    __Vectors                                0x08000000   Data           4  startup_stm32f103xe.o(RESET)
    __Vectors_End                            0x08000130   Data           0  startup_stm32f103xe.o(RESET)
    __main                                   0x08000131   Thumb Code     0  entry.o(.ARM.Collect$$$$00000000)
    _main_stk                                0x08000131   Thumb Code     0  entry2.o(.ARM.Collect$$$$00000001)
    _main_scatterload                        0x08000135   Thumb Code     0  entry5.o(.ARM.Collect$$$$00000004)
    __main_after_scatterload                 0x08000139   Thumb Code     0  entry5.o(.ARM.Collect$$$$00000004)
    _main_clock                              0x08000139   Thumb Code     0  entry7b.o(.ARM.Collect$$$$00000008)
    _main_cpp_init                           0x08000139   Thumb Code     0  entry8b.o(.ARM.Collect$$$$0000000A)
    _main_init                               0x08000139   Thumb Code     0  entry9a.o(.ARM.Collect$$$$0000000B)
    __rt_final_cpp                           0x08000141   Thumb Code     0  entry10a.o(.ARM.Collect$$$$0000000D)
    __rt_final_exit                          0x08000141   Thumb Code     0  entry11a.o(.ARM.Collect$$$$0000000F)
    Reset_Handler                            0x08000145   Thumb Code     8  startup_stm32f103xe.o(.text)
    ADC1_2_IRQHandler                        0x0800015f   Thumb Code     0  startup_stm32f103xe.o(.text)
    ADC3_IRQHandler                          0x0800015f   Thumb Code     0  startup_stm32f103xe.o(.text)
    CAN1_RX1_IRQHandler                      0x0800015f   Thumb Code     0  startup_stm32f103xe.o(.text)
    CAN1_SCE_IRQHandler                      0x0800015f   Thumb Code     0  startup_stm32f103xe.o(.text)
    DMA1_Channel1_IRQHandler                 0x0800015f   Thumb Code     0  startup_stm32f103xe.o(.text)
    DMA1_Channel2_IRQHandler                 0x0800015f   Thumb Code     0  startup_stm32f103xe.o(.text)
    DMA1_Channel3_IRQHandler                 0x0800015f   Thumb Code     0  startup_stm32f103xe.o(.text)
    DMA1_Channel4_IRQHandler                 0x0800015f   Thumb Code     0  startup_stm32f103xe.o(.text)
    DMA1_Channel5_IRQHandler                 0x0800015f   Thumb Code     0  startup_stm32f103xe.o(.text)
    DMA2_Channel1_IRQHandler                 0x0800015f   Thumb Code     0  startup_stm32f103xe.o(.text)
    DMA2_Channel2_IRQHandler                 0x0800015f   Thumb Code     0  startup_stm32f103xe.o(.text)
    DMA2_Channel3_IRQHandler                 0x0800015f   Thumb Code     0  startup_stm32f103xe.o(.text)
    DMA2_Channel4_5_IRQHandler               0x0800015f   Thumb Code     0  startup_stm32f103xe.o(.text)
    EXTI0_IRQHandler                         0x0800015f   Thumb Code     0  startup_stm32f103xe.o(.text)
    EXTI15_10_IRQHandler                     0x0800015f   Thumb Code     0  startup_stm32f103xe.o(.text)
    EXTI1_IRQHandler                         0x0800015f   Thumb Code     0  startup_stm32f103xe.o(.text)
    EXTI2_IRQHandler                         0x0800015f   Thumb Code     0  startup_stm32f103xe.o(.text)
    EXTI3_IRQHandler                         0x0800015f   Thumb Code     0  startup_stm32f103xe.o(.text)
    EXTI4_IRQHandler                         0x0800015f   Thumb Code     0  startup_stm32f103xe.o(.text)
    EXTI9_5_IRQHandler                       0x0800015f   Thumb Code     0  startup_stm32f103xe.o(.text)
    FLASH_IRQHandler                         0x0800015f   Thumb Code     0  startup_stm32f103xe.o(.text)
    FSMC_IRQHandler                          0x0800015f   Thumb Code     0  startup_stm32f103xe.o(.text)
    I2C1_ER_IRQHandler                       0x0800015f   Thumb Code     0  startup_stm32f103xe.o(.text)
    I2C1_EV_IRQHandler                       0x0800015f   Thumb Code     0  startup_stm32f103xe.o(.text)
    I2C2_ER_IRQHandler                       0x0800015f   Thumb Code     0  startup_stm32f103xe.o(.text)
    I2C2_EV_IRQHandler                       0x0800015f   Thumb Code     0  startup_stm32f103xe.o(.text)
    PVD_IRQHandler                           0x0800015f   Thumb Code     0  startup_stm32f103xe.o(.text)
    RCC_IRQHandler                           0x0800015f   Thumb Code     0  startup_stm32f103xe.o(.text)
    RTC_Alarm_IRQHandler                     0x0800015f   Thumb Code     0  startup_stm32f103xe.o(.text)
    RTC_IRQHandler                           0x0800015f   Thumb Code     0  startup_stm32f103xe.o(.text)
    SDIO_IRQHandler                          0x0800015f   Thumb Code     0  startup_stm32f103xe.o(.text)
    SPI1_IRQHandler                          0x0800015f   Thumb Code     0  startup_stm32f103xe.o(.text)
    SPI2_IRQHandler                          0x0800015f   Thumb Code     0  startup_stm32f103xe.o(.text)
    SPI3_IRQHandler                          0x0800015f   Thumb Code     0  startup_stm32f103xe.o(.text)
    TAMPER_IRQHandler                        0x0800015f   Thumb Code     0  startup_stm32f103xe.o(.text)
    TIM1_BRK_IRQHandler                      0x0800015f   Thumb Code     0  startup_stm32f103xe.o(.text)
    TIM1_CC_IRQHandler                       0x0800015f   Thumb Code     0  startup_stm32f103xe.o(.text)
    TIM1_TRG_COM_IRQHandler                  0x0800015f   Thumb Code     0  startup_stm32f103xe.o(.text)
    TIM1_UP_IRQHandler                       0x0800015f   Thumb Code     0  startup_stm32f103xe.o(.text)
    TIM2_IRQHandler                          0x0800015f   Thumb Code     0  startup_stm32f103xe.o(.text)
    TIM3_IRQHandler                          0x0800015f   Thumb Code     0  startup_stm32f103xe.o(.text)
    TIM4_IRQHandler                          0x0800015f   Thumb Code     0  startup_stm32f103xe.o(.text)
    TIM5_IRQHandler                          0x0800015f   Thumb Code     0  startup_stm32f103xe.o(.text)
    TIM6_IRQHandler                          0x0800015f   Thumb Code     0  startup_stm32f103xe.o(.text)
    TIM8_BRK_IRQHandler                      0x0800015f   Thumb Code     0  startup_stm32f103xe.o(.text)
    TIM8_CC_IRQHandler                       0x0800015f   Thumb Code     0  startup_stm32f103xe.o(.text)
    TIM8_TRG_COM_IRQHandler                  0x0800015f   Thumb Code     0  startup_stm32f103xe.o(.text)
    TIM8_UP_IRQHandler                       0x0800015f   Thumb Code     0  startup_stm32f103xe.o(.text)
    UART4_IRQHandler                         0x0800015f   Thumb Code     0  startup_stm32f103xe.o(.text)
    UART5_IRQHandler                         0x0800015f   Thumb Code     0  startup_stm32f103xe.o(.text)
    USART3_IRQHandler                        0x0800015f   Thumb Code     0  startup_stm32f103xe.o(.text)
    USBWakeUp_IRQHandler                     0x0800015f   Thumb Code     0  startup_stm32f103xe.o(.text)
    USB_HP_CAN1_TX_IRQHandler                0x0800015f   Thumb Code     0  startup_stm32f103xe.o(.text)
    USB_LP_CAN1_RX0_IRQHandler               0x0800015f   Thumb Code     0  startup_stm32f103xe.o(.text)
    WWDG_IRQHandler                          0x0800015f   Thumb Code     0  startup_stm32f103xe.o(.text)
    __0sscanf                                0x08000169   Thumb Code    48  __0sscanf.o(.text)
    _scanf_real                              0x080002c9   Thumb Code     0  scanf_fp.o(.text)
    _scanf_really_real                       0x080002c9   Thumb Code   556  scanf_fp.o(.text)
    __aeabi_fadd                             0x08000501   Thumb Code   164  fadd.o(.text)
    __aeabi_fsub                             0x080005a5   Thumb Code     6  fadd.o(.text)
    __aeabi_frsub                            0x080005ab   Thumb Code     6  fadd.o(.text)
    __aeabi_fmul                             0x080005b1   Thumb Code   100  fmul.o(.text)
    __aeabi_fdiv                             0x08000615   Thumb Code   124  fdiv.o(.text)
    __aeabi_dadd                             0x08000691   Thumb Code   322  dadd.o(.text)
    __aeabi_dsub                             0x080007d3   Thumb Code     6  dadd.o(.text)
    __aeabi_drsub                            0x080007d9   Thumb Code     6  dadd.o(.text)
    __aeabi_dmul                             0x080007df   Thumb Code   228  dmul.o(.text)
    __aeabi_ddiv                             0x080008c3   Thumb Code   222  ddiv.o(.text)
    __aeabi_fcmple                           0x080009a1   Thumb Code    28  fcmple.o(.text)
    __aeabi_fcmpge                           0x080009bd   Thumb Code    28  fcmpge.o(.text)
    __aeabi_fcmpgt                           0x080009d9   Thumb Code    28  fcmpgt.o(.text)
    __aeabi_i2f                              0x080009f5   Thumb Code    18  fflti.o(.text)
    __aeabi_ui2f                             0x08000a07   Thumb Code    10  ffltui.o(.text)
    __aeabi_f2iz                             0x08000a11   Thumb Code    50  ffixi.o(.text)
    __aeabi_f2uiz                            0x08000a43   Thumb Code    40  ffixui.o(.text)
    __aeabi_f2d                              0x08000a6b   Thumb Code    38  f2d.o(.text)
    __aeabi_d2f                              0x08000a91   Thumb Code    56  d2f.o(.text)
    __aeabi_llsl                             0x08000ac9   Thumb Code    30  llshl.o(.text)
    _ll_shift_l                              0x08000ac9   Thumb Code     0  llshl.o(.text)
    __aeabi_lasr                             0x08000ae7   Thumb Code    36  llsshr.o(.text)
    _ll_sshift_r                             0x08000ae7   Thumb Code     0  llsshr.o(.text)
    __vfscanf_char                           0x08000b19   Thumb Code    20  scanf_char.o(.text)
    _sgetc                                   0x08000b35   Thumb Code    30  _sgetc.o(.text)
    _sbackspace                              0x08000b53   Thumb Code    34  _sgetc.o(.text)
    __I$use$fp                               0x08000b75   Thumb Code     0  iusefp.o(.text)
    _float_round                             0x08000b75   Thumb Code    18  fepilogue.o(.text)
    _float_epilogue                          0x08000b87   Thumb Code    92  fepilogue.o(.text)
    _double_round                            0x08000be3   Thumb Code    30  depilogue.o(.text)
    _double_epilogue                         0x08000c01   Thumb Code   156  depilogue.o(.text)
    __aeabi_ul2d                             0x08000c9d   Thumb Code    24  dfltul.o(.text)
    __scatterload                            0x08000cb5   Thumb Code    38  init.o(.text)
    __scatterload_rt2                        0x08000cb5   Thumb Code     0  init.o(.text)
    __aeabi_llsr                             0x08000ce5   Thumb Code    32  llushr.o(.text)
    _ll_ushift_r                             0x08000ce5   Thumb Code     0  llushr.o(.text)
    isspace                                  0x08000d05   Thumb Code    10  isspace_c.o(.text)
    __vfscanf                                0x08000d11   Thumb Code   808  _scanf.o(.text)
    __ctype_lookup                           0x0800103d   Thumb Code    34  ctype_c.o(.text)
    BusFault_Handler                         0x08001065   Thumb Code     2  stm32f1xx_it.o(.text.BusFault_Handler)
    DJ_Wheel_Set                             0x08001069   Thumb Code   112  dj.o(.text.DJ_Wheel_Set)
    DJ_base_run                              0x080010d9   Thumb Code   214  dj.o(.text.DJ_base_run)
    DJ_init                                  0x080011b1   Thumb Code  1002  dj.o(.text.DJ_init)
    DJ_stop                                  0x0800159d   Thumb Code   372  dj.o(.text.DJ_stop)
    DMA1_Channel6_IRQHandler                 0x08001711   Thumb Code    12  stm32f1xx_it.o(.text.DMA1_Channel6_IRQHandler)
    DMA1_Channel7_IRQHandler                 0x0800171d   Thumb Code    12  stm32f1xx_it.o(.text.DMA1_Channel7_IRQHandler)
    DebugMon_Handler                         0x08001729   Thumb Code     2  stm32f1xx_it.o(.text.DebugMon_Handler)
    Error_Handler                            0x0800172d   Thumb Code    10  main.o(.text.Error_Handler)
    HAL_DMA_Abort                            0x08001739   Thumb Code    70  stm32f1xx_hal_dma.o(.text.HAL_DMA_Abort)
    HAL_DMA_Abort_IT                         0x08001781   Thumb Code   304  stm32f1xx_hal_dma.o(.text.HAL_DMA_Abort_IT)
    HAL_DMA_IRQHandler                       0x080018b1   Thumb Code   654  stm32f1xx_hal_dma.o(.text.HAL_DMA_IRQHandler)
    HAL_DMA_Init                             0x08001b41   Thumb Code   158  stm32f1xx_hal_dma.o(.text.HAL_DMA_Init)
    HAL_DMA_Start_IT                         0x08001be1   Thumb Code   160  stm32f1xx_hal_dma.o(.text.HAL_DMA_Start_IT)
    HAL_Delay                                0x08001c81   Thumb Code    40  stm32f1xx_hal.o(.text.HAL_Delay)
    HAL_GPIO_Init                            0x08001ca9   Thumb Code   498  stm32f1xx_hal_gpio.o(.text.HAL_GPIO_Init)
    HAL_GPIO_WritePin                        0x08001e9d   Thumb Code    10  stm32f1xx_hal_gpio.o(.text.HAL_GPIO_WritePin)
    HAL_GetTick                              0x08001ea9   Thumb Code    12  stm32f1xx_hal.o(.text.HAL_GetTick)
    HAL_IncTick                              0x08001eb5   Thumb Code    26  stm32f1xx_hal.o(.text.HAL_IncTick)
    HAL_Init                                 0x08001ed1   Thumb Code    38  stm32f1xx_hal.o(.text.HAL_Init)
    HAL_InitTick                             0x08001ef9   Thumb Code    72  stm32f1xx_hal.o(.text.HAL_InitTick)
    HAL_MspInit                              0x08001f41   Thumb Code    66  stm32f1xx_hal_msp.o(.text.HAL_MspInit)
    HAL_NVIC_EnableIRQ                       0x08001f85   Thumb Code    34  stm32f1xx_hal_cortex.o(.text.HAL_NVIC_EnableIRQ)
    HAL_NVIC_SetPriority                     0x08001fa9   Thumb Code    86  stm32f1xx_hal_cortex.o(.text.HAL_NVIC_SetPriority)
    HAL_NVIC_SetPriorityGrouping             0x08002001   Thumb Code    32  stm32f1xx_hal_cortex.o(.text.HAL_NVIC_SetPriorityGrouping)
    HAL_RCC_ClockConfig                      0x08002021   Thumb Code   450  stm32f1xx_hal_rcc.o(.text.HAL_RCC_ClockConfig)
    HAL_RCC_GetPCLK1Freq                     0x080021e5   Thumb Code    38  stm32f1xx_hal_rcc.o(.text.HAL_RCC_GetPCLK1Freq)
    HAL_RCC_GetPCLK2Freq                     0x0800220d   Thumb Code    38  stm32f1xx_hal_rcc.o(.text.HAL_RCC_GetPCLK2Freq)
    HAL_RCC_OscConfig                        0x08002235   Thumb Code  1024  stm32f1xx_hal_rcc.o(.text.HAL_RCC_OscConfig)
    HAL_SYSTICK_Config                       0x08002635   Thumb Code    44  stm32f1xx_hal_cortex.o(.text.HAL_SYSTICK_Config)
    HAL_TIMEx_BreakCallback                  0x08002661   Thumb Code     2  stm32f1xx_hal_tim_ex.o(.text.HAL_TIMEx_BreakCallback)
    HAL_TIMEx_CommutCallback                 0x08002665   Thumb Code     2  stm32f1xx_hal_tim_ex.o(.text.HAL_TIMEx_CommutCallback)
    HAL_TIMEx_ConfigBreakDeadTime            0x08002669   Thumb Code    80  stm32f1xx_hal_tim_ex.o(.text.HAL_TIMEx_ConfigBreakDeadTime)
    HAL_TIMEx_MasterConfigSynchronization    0x080026b9   Thumb Code   150  stm32f1xx_hal_tim_ex.o(.text.HAL_TIMEx_MasterConfigSynchronization)
    HAL_TIM_Base_Init                        0x08002751   Thumb Code    90  stm32f1xx_hal_tim.o(.text.HAL_TIM_Base_Init)
    HAL_TIM_Base_MspInit                     0x080027ad   Thumb Code   150  tim.o(.text.HAL_TIM_Base_MspInit)
    HAL_TIM_Base_Start_IT                    0x08002845   Thumb Code   134  stm32f1xx_hal_tim.o(.text.HAL_TIM_Base_Start_IT)
    HAL_TIM_ConfigClockSource                0x080028cd   Thumb Code   416  stm32f1xx_hal_tim.o(.text.HAL_TIM_ConfigClockSource)
    HAL_TIM_Encoder_Init                     0x08002a6d   Thumb Code   178  stm32f1xx_hal_tim.o(.text.HAL_TIM_Encoder_Init)
    HAL_TIM_Encoder_MspInit                  0x08002b21   Thumb Code   408  tim.o(.text.HAL_TIM_Encoder_MspInit)
    HAL_TIM_Encoder_Start                    0x08002cb9   Thumb Code   188  stm32f1xx_hal_tim.o(.text.HAL_TIM_Encoder_Start)
    HAL_TIM_IC_CaptureCallback               0x08002d75   Thumb Code     2  stm32f1xx_hal_tim.o(.text.HAL_TIM_IC_CaptureCallback)
    HAL_TIM_IRQHandler                       0x08002d79   Thumb Code   334  stm32f1xx_hal_tim.o(.text.HAL_TIM_IRQHandler)
    HAL_TIM_OC_DelayElapsedCallback          0x08002ec9   Thumb Code     2  stm32f1xx_hal_tim.o(.text.HAL_TIM_OC_DelayElapsedCallback)
    HAL_TIM_PWM_ConfigChannel                0x08002ecd   Thumb Code   620  stm32f1xx_hal_tim.o(.text.HAL_TIM_PWM_ConfigChannel)
    HAL_TIM_PWM_Init                         0x08003139   Thumb Code    90  stm32f1xx_hal_tim.o(.text.HAL_TIM_PWM_Init)
    HAL_TIM_PWM_MspInit                      0x08003195   Thumb Code     2  stm32f1xx_hal_tim.o(.text.HAL_TIM_PWM_MspInit)
    HAL_TIM_PWM_PulseFinishedCallback        0x08003199   Thumb Code     2  stm32f1xx_hal_tim.o(.text.HAL_TIM_PWM_PulseFinishedCallback)
    HAL_TIM_PWM_Start                        0x0800319d   Thumb Code   222  stm32f1xx_hal_tim.o(.text.HAL_TIM_PWM_Start)
    HAL_TIM_PeriodElapsedCallback            0x0800327d   Thumb Code   724  dj.o(.text.HAL_TIM_PeriodElapsedCallback)
    HAL_TIM_TriggerCallback                  0x08003551   Thumb Code     2  stm32f1xx_hal_tim.o(.text.HAL_TIM_TriggerCallback)
    HAL_UARTEx_ReceiveToIdle_IT              0x08003555   Thumb Code   200  stm32f1xx_hal_uart.o(.text.HAL_UARTEx_ReceiveToIdle_IT)
    HAL_UARTEx_RxEventCallback               0x0800361d   Thumb Code    98  vofa.o(.text.HAL_UARTEx_RxEventCallback)
    HAL_UART_DMAStop                         0x08003681   Thumb Code   540  stm32f1xx_hal_uart.o(.text.HAL_UART_DMAStop)
    HAL_UART_ErrorCallback                   0x0800389d   Thumb Code     2  stm32f1xx_hal_uart.o(.text.HAL_UART_ErrorCallback)
    HAL_UART_IRQHandler                      0x080038a1   Thumb Code  1392  stm32f1xx_hal_uart.o(.text.HAL_UART_IRQHandler)
    HAL_UART_Init                            0x08003e11   Thumb Code   226  stm32f1xx_hal_uart.o(.text.HAL_UART_Init)
    HAL_UART_MspInit                         0x08003ef5   Thumb Code   386  usart.o(.text.HAL_UART_MspInit)
    HAL_UART_Receive_DMA                     0x08004079   Thumb Code   352  stm32f1xx_hal_uart.o(.text.HAL_UART_Receive_DMA)
    HAL_UART_RxCpltCallback                  0x080041d9   Thumb Code     2  stm32f1xx_hal_uart.o(.text.HAL_UART_RxCpltCallback)
    HAL_UART_RxHalfCpltCallback              0x080041dd   Thumb Code     2  stm32f1xx_hal_uart.o(.text.HAL_UART_RxHalfCpltCallback)
    HAL_UART_TxCpltCallback                  0x080041e1   Thumb Code     2  stm32f1xx_hal_uart.o(.text.HAL_UART_TxCpltCallback)
    HardFault_Handler                        0x080041e5   Thumb Code     2  stm32f1xx_it.o(.text.HardFault_Handler)
    MX_DMA_Init                              0x080041e9   Thumb Code    68  dma.o(.text.MX_DMA_Init)
    MX_GPIO_Init                             0x0800422d   Thumb Code   230  gpio.o(.text.MX_GPIO_Init)
    MX_TIM1_Init                             0x08004315   Thumb Code   486  tim.o(.text.MX_TIM1_Init)
    MX_TIM2_Init                             0x080044fd   Thumb Code    98  tim.o(.text.MX_TIM2_Init)
    MX_TIM3_Init                             0x08004561   Thumb Code   102  tim.o(.text.MX_TIM3_Init)
    MX_TIM4_Init                             0x080045c9   Thumb Code   102  tim.o(.text.MX_TIM4_Init)
    MX_TIM5_Init                             0x08004631   Thumb Code   102  tim.o(.text.MX_TIM5_Init)
    MX_TIM7_Init                             0x08004699   Thumb Code    82  tim.o(.text.MX_TIM7_Init)
    MX_TIM8_Init                             0x080046ed   Thumb Code   486  tim.o(.text.MX_TIM8_Init)
    MX_USART1_UART_Init                      0x080048d5   Thumb Code    60  usart.o(.text.MX_USART1_UART_Init)
    MX_USART2_UART_Init                      0x08004911   Thumb Code    60  usart.o(.text.MX_USART2_UART_Init)
    MY_PID_Init                              0x0800494d   Thumb Code   120  dj.o(.text.MY_PID_Init)
    MemManage_Handler                        0x080049c5   Thumb Code     2  stm32f1xx_it.o(.text.MemManage_Handler)
    My_Init                                  0x080049c9   Thumb Code    54  my.o(.text.My_Init)
    My_UART_Cmd_Parse                        0x08004a01   Thumb Code   106  my.o(.text.My_UART_Cmd_Parse)
    My_UART_DMA_Init                         0x08004a6d   Thumb Code    42  my.o(.text.My_UART_DMA_Init)
    My_run                                   0x08004a99   Thumb Code   684  my.o(.text.My_run)
    NMI_Handler                              0x08004d45   Thumb Code     2  stm32f1xx_it.o(.text.NMI_Handler)
    PID_Calculate                            0x08004d49   Thumb Code   182  pid.o(.text.PID_Calculate)
    PID_Init                                 0x08004e01   Thumb Code    96  pid.o(.text.PID_Init)
    PID_SetTargetRpm                         0x08004e61   Thumb Code     8  pid.o(.text.PID_SetTargetRpm)
    PendSV_Handler                           0x08004e69   Thumb Code     2  stm32f1xx_it.o(.text.PendSV_Handler)
    SG_Close                                 0x08004e6d   Thumb Code    24  sg.o(.text.SG_Close)
    SG_Init                                  0x08004e85   Thumb Code    96  sg.o(.text.SG_Init)
    SG_Open                                  0x08004ee5   Thumb Code    24  sg.o(.text.SG_Open)
    SVC_Handler                              0x08004efd   Thumb Code     2  stm32f1xx_it.o(.text.SVC_Handler)
    SysTick_Handler                          0x08004f01   Thumb Code     4  stm32f1xx_it.o(.text.SysTick_Handler)
    SystemInit                               0x08004f05   Thumb Code     2  system_stm32f1xx.o(.text.SystemInit)
    TIM7_IRQHandler                          0x08004f09   Thumb Code    12  stm32f1xx_it.o(.text.TIM7_IRQHandler)
    TIM_Base_SetConfig                       0x08004f15   Thumb Code   232  stm32f1xx_hal_tim.o(.text.TIM_Base_SetConfig)
    USART1_IRQHandler                        0x080053fd   Thumb Code    12  stm32f1xx_it.o(.text.USART1_IRQHandler)
    USART2_IRQHandler                        0x08005409   Thumb Code    76  stm32f1xx_it.o(.text.USART2_IRQHandler)
    UsageFault_Handler                       0x08005455   Thumb Code     2  stm32f1xx_it.o(.text.UsageFault_Handler)
    main                                     0x08005459   Thumb Code   150  main.o(.text.main)
    __scatterload_copy                       0x080054ef   Thumb Code    14  handlers.o(i.__scatterload_copy)
    __scatterload_null                       0x080054fd   Thumb Code     2  handlers.o(i.__scatterload_null)
    __scatterload_zeroinit                   0x080054ff   Thumb Code    14  handlers.o(i.__scatterload_zeroinit)
    _is_digit                                0x0800550d   Thumb Code    14  scanf_fp.o(i._is_digit)
    __ctype_categories                       0x0800551a   Data          64  ctype_c.o(.constdata)
    AHBPrescTable                            0x0800555a   Data          16  system_stm32f1xx.o(.rodata.AHBPrescTable)
    APBPrescTable                            0x0800556a   Data           8  system_stm32f1xx.o(.rodata.APBPrescTable)
    Region$$Table$$Base                      0x08005654   Number         0  anon$$obj.o(Region$$Table)
    Region$$Table$$Limit                     0x08005674   Number         0  anon$$obj.o(Region$$Table)
    uwTickFreq                               0x20000000   Data           1  stm32f1xx_hal.o(.data..L_MergedGlobals)
    uwTickPrio                               0x20000004   Data           4  stm32f1xx_hal.o(.data..L_MergedGlobals)
    SystemCoreClock                          0x20000008   Data           4  system_stm32f1xx.o(.data.SystemCoreClock)
    vehicle_physics                          0x20000010   Data          24  my.o(.data.vehicle_physics)
    RX_nums                                  0x2000002c   Data          16  vofa.o(.bss..L_MergedGlobals)
    rx_cache                                 0x2000003c   Data          80  vofa.o(.bss..L_MergedGlobals)
    hdma_usart2_rx                           0x200000b8   Data          68  usart.o(.bss.hdma_usart2_rx)
    hdma_usart2_tx                           0x200000fc   Data          68  usart.o(.bss.hdma_usart2_tx)
    htim1                                    0x20000140   Data          72  tim.o(.bss.htim1)
    htim2                                    0x20000188   Data          72  tim.o(.bss.htim2)
    htim3                                    0x200001d0   Data          72  tim.o(.bss.htim3)
    htim4                                    0x20000218   Data          72  tim.o(.bss.htim4)
    htim5                                    0x20000260   Data          72  tim.o(.bss.htim5)
    htim7                                    0x200002a8   Data          72  tim.o(.bss.htim7)
    htim8                                    0x200002f0   Data          72  tim.o(.bss.htim8)
    huart1                                   0x20000338   Data          72  usart.o(.bss.huart1)
    huart2                                   0x20000380   Data          72  usart.o(.bss.huart2)
    motor                                    0x200003c8   Data         176  dj.o(.bss.motor)
    uwTick                                   0x20000528   Data           4  stm32f1xx_hal.o(.bss.uwTick)
    __initial_sp                             0x20000930   Data           0  startup_stm32f103xe.o(STACK)



==============================================================================

Memory Map of the image

  Image Entry point : 0x08000131

  Load Region LR_IROM1 (Base: 0x08000000, Size: 0x000056a0, Max: 0x00080000, ABSOLUTE)

    Execution Region ER_IROM1 (Exec base: 0x08000000, Load base: 0x08000000, Size: 0x00005674, Max: 0x00080000, ABSOLUTE)

    Exec Addr    Load Addr    Size         Type   Attr      Idx    E Section Name        Object

    0x08000000   0x08000000   0x00000130   Data   RO            3    RESET               startup_stm32f103xe.o
    0x08000130   0x08000130   0x00000000   Code   RO         1097  * .ARM.Collect$$$$00000000  mc_w.l(entry.o)
    0x08000130   0x08000130   0x00000004   Code   RO         1401    .ARM.Collect$$$$00000001  mc_w.l(entry2.o)
    0x08000134   0x08000134   0x00000004   Code   RO         1404    .ARM.Collect$$$$00000004  mc_w.l(entry5.o)
    0x08000138   0x08000138   0x00000000   Code   RO         1406    .ARM.Collect$$$$00000008  mc_w.l(entry7b.o)
    0x08000138   0x08000138   0x00000000   Code   RO         1408    .ARM.Collect$$$$0000000A  mc_w.l(entry8b.o)
    0x08000138   0x08000138   0x00000008   Code   RO         1409    .ARM.Collect$$$$0000000B  mc_w.l(entry9a.o)
    0x08000140   0x08000140   0x00000000   Code   RO         1411    .ARM.Collect$$$$0000000D  mc_w.l(entry10a.o)
    0x08000140   0x08000140   0x00000000   Code   RO         1413    .ARM.Collect$$$$0000000F  mc_w.l(entry11a.o)
    0x08000140   0x08000140   0x00000004   Code   RO         1402    .ARM.Collect$$$$00002712  mc_w.l(entry2.o)
    0x08000144   0x08000144   0x00000024   Code   RO            4    .text               startup_stm32f103xe.o
    0x08000168   0x08000168   0x00000038   Code   RO         1363    .text               mc_w.l(__0sscanf.o)
    0x080001a0   0x080001a0   0x00000360   Code   RO         1365    .text               mc_w.l(scanf_fp.o)
    0x08000500   0x08000500   0x000000b0   Code   RO         1369    .text               mf_w.l(fadd.o)
    0x080005b0   0x080005b0   0x00000064   Code   RO         1371    .text               mf_w.l(fmul.o)
    0x08000614   0x08000614   0x0000007c   Code   RO         1373    .text               mf_w.l(fdiv.o)
    0x08000690   0x08000690   0x0000014e   Code   RO         1375    .text               mf_w.l(dadd.o)
    0x080007de   0x080007de   0x000000e4   Code   RO         1377    .text               mf_w.l(dmul.o)
    0x080008c2   0x080008c2   0x000000de   Code   RO         1379    .text               mf_w.l(ddiv.o)
    0x080009a0   0x080009a0   0x0000001c   Code   RO         1381    .text               mf_w.l(fcmple.o)
    0x080009bc   0x080009bc   0x0000001c   Code   RO         1385    .text               mf_w.l(fcmpge.o)
    0x080009d8   0x080009d8   0x0000001c   Code   RO         1387    .text               mf_w.l(fcmpgt.o)
    0x080009f4   0x080009f4   0x00000012   Code   RO         1389    .text               mf_w.l(fflti.o)
    0x08000a06   0x08000a06   0x0000000a   Code   RO         1391    .text               mf_w.l(ffltui.o)
    0x08000a10   0x08000a10   0x00000032   Code   RO         1393    .text               mf_w.l(ffixi.o)
    0x08000a42   0x08000a42   0x00000028   Code   RO         1395    .text               mf_w.l(ffixui.o)
    0x08000a6a   0x08000a6a   0x00000026   Code   RO         1397    .text               mf_w.l(f2d.o)
    0x08000a90   0x08000a90   0x00000038   Code   RO         1399    .text               mf_w.l(d2f.o)
    0x08000ac8   0x08000ac8   0x0000001e   Code   RO         1429    .text               mc_w.l(llshl.o)
    0x08000ae6   0x08000ae6   0x00000024   Code   RO         1431    .text               mc_w.l(llsshr.o)
    0x08000b0a   0x08000b0a   0x00000002   PAD
    0x08000b0c   0x08000b0c   0x00000028   Code   RO         1433    .text               mc_w.l(scanf_char.o)
    0x08000b34   0x08000b34   0x00000040   Code   RO         1435    .text               mc_w.l(_sgetc.o)
    0x08000b74   0x08000b74   0x00000000   Code   RO         1437    .text               mc_w.l(iusefp.o)
    0x08000b74   0x08000b74   0x0000006e   Code   RO         1438    .text               mf_w.l(fepilogue.o)
    0x08000be2   0x08000be2   0x000000ba   Code   RO         1440    .text               mf_w.l(depilogue.o)
    0x08000c9c   0x08000c9c   0x00000018   Code   RO         1442    .text               mf_w.l(dfltul.o)
    0x08000cb4   0x08000cb4   0x00000030   Code   RO         1448    .text               mc_w.l(init.o)
    0x08000ce4   0x08000ce4   0x00000020   Code   RO         1450    .text               mc_w.l(llushr.o)
    0x08000d04   0x08000d04   0x0000000a   Code   RO         1452    .text               mc_w.l(isspace_c.o)
    0x08000d0e   0x08000d0e   0x00000002   PAD
    0x08000d10   0x08000d10   0x0000032c   Code   RO         1454    .text               mc_w.l(_scanf.o)
    0x0800103c   0x0800103c   0x00000028   Code   RO         1456    .text               mc_w.l(ctype_c.o)
    0x08001064   0x08001064   0x00000002   Code   RO          110    .text.BusFault_Handler  stm32f1xx_it.o
    0x08001066   0x08001066   0x00000002   PAD
    0x08001068   0x08001068   0x00000070   Code   RO          955    .text.DJ_Wheel_Set  dj.o
    0x080010d8   0x080010d8   0x000000d6   Code   RO          953    .text.DJ_base_run   dj.o
    0x080011ae   0x080011ae   0x00000002   PAD
    0x080011b0   0x080011b0   0x000003ea   Code   RO          951    .text.DJ_init       dj.o
    0x0800159a   0x0800159a   0x00000002   PAD
    0x0800159c   0x0800159c   0x00000174   Code   RO          957    .text.DJ_stop       dj.o
    0x08001710   0x08001710   0x0000000c   Code   RO          122    .text.DMA1_Channel6_IRQHandler  stm32f1xx_it.o
    0x0800171c   0x0800171c   0x0000000c   Code   RO          124    .text.DMA1_Channel7_IRQHandler  stm32f1xx_it.o
    0x08001728   0x08001728   0x00000002   Code   RO          116    .text.DebugMon_Handler  stm32f1xx_it.o
    0x0800172a   0x0800172a   0x00000002   PAD
    0x0800172c   0x0800172c   0x0000000a   Code   RO           15    .text.Error_Handler  main.o
    0x08001736   0x08001736   0x00000002   PAD
    0x08001738   0x08001738   0x00000046   Code   RO          625    .text.HAL_DMA_Abort  stm32f1xx_hal_dma.o
    0x0800177e   0x0800177e   0x00000002   PAD
    0x08001780   0x08001780   0x00000130   Code   RO          627    .text.HAL_DMA_Abort_IT  stm32f1xx_hal_dma.o
    0x080018b0   0x080018b0   0x0000028e   Code   RO          631    .text.HAL_DMA_IRQHandler  stm32f1xx_hal_dma.o
    0x08001b3e   0x08001b3e   0x00000002   PAD
    0x08001b40   0x08001b40   0x0000009e   Code   RO          617    .text.HAL_DMA_Init  stm32f1xx_hal_dma.o
    0x08001bde   0x08001bde   0x00000002   PAD
    0x08001be0   0x08001be0   0x000000a0   Code   RO          623    .text.HAL_DMA_Start_IT  stm32f1xx_hal_dma.o
    0x08001c80   0x08001c80   0x00000028   Code   RO          501    .text.HAL_Delay     stm32f1xx_hal.o
    0x08001ca8   0x08001ca8   0x000001f2   Code   RO          593    .text.HAL_GPIO_Init  stm32f1xx_hal_gpio.o
    0x08001e9a   0x08001e9a   0x00000002   PAD
    0x08001e9c   0x08001e9c   0x0000000a   Code   RO          599    .text.HAL_GPIO_WritePin  stm32f1xx_hal_gpio.o
    0x08001ea6   0x08001ea6   0x00000002   PAD
    0x08001ea8   0x08001ea8   0x0000000c   Code   RO          493    .text.HAL_GetTick   stm32f1xx_hal.o
    0x08001eb4   0x08001eb4   0x0000001a   Code   RO          491    .text.HAL_IncTick   stm32f1xx_hal.o
    0x08001ece   0x08001ece   0x00000002   PAD
    0x08001ed0   0x08001ed0   0x00000026   Code   RO          481    .text.HAL_Init      stm32f1xx_hal.o
    0x08001ef6   0x08001ef6   0x00000002   PAD
    0x08001ef8   0x08001ef8   0x00000048   Code   RO          483    .text.HAL_InitTick  stm32f1xx_hal.o
    0x08001f40   0x08001f40   0x00000042   Code   RO          139    .text.HAL_MspInit   stm32f1xx_hal_msp.o
    0x08001f82   0x08001f82   0x00000002   PAD
    0x08001f84   0x08001f84   0x00000022   Code   RO          653    .text.HAL_NVIC_EnableIRQ  stm32f1xx_hal_cortex.o
    0x08001fa6   0x08001fa6   0x00000002   PAD
    0x08001fa8   0x08001fa8   0x00000056   Code   RO          651    .text.HAL_NVIC_SetPriority  stm32f1xx_hal_cortex.o
    0x08001ffe   0x08001ffe   0x00000002   PAD
    0x08002000   0x08002000   0x00000020   Code   RO          649    .text.HAL_NVIC_SetPriorityGrouping  stm32f1xx_hal_cortex.o
    0x08002020   0x08002020   0x000001c2   Code   RO          545    .text.HAL_RCC_ClockConfig  stm32f1xx_hal_rcc.o
    0x080021e2   0x080021e2   0x00000002   PAD
    0x080021e4   0x080021e4   0x00000026   Code   RO          557    .text.HAL_RCC_GetPCLK1Freq  stm32f1xx_hal_rcc.o
    0x0800220a   0x0800220a   0x00000002   PAD
    0x0800220c   0x0800220c   0x00000026   Code   RO          559    .text.HAL_RCC_GetPCLK2Freq  stm32f1xx_hal_rcc.o
    0x08002232   0x08002232   0x00000002   PAD
    0x08002234   0x08002234   0x00000400   Code   RO          543    .text.HAL_RCC_OscConfig  stm32f1xx_hal_rcc.o
    0x08002634   0x08002634   0x0000002c   Code   RO          661    .text.HAL_SYSTICK_Config  stm32f1xx_hal_cortex.o
    0x08002660   0x08002660   0x00000002   Code   RO          467    .text.HAL_TIMEx_BreakCallback  stm32f1xx_hal_tim_ex.o
    0x08002662   0x08002662   0x00000002   PAD
    0x08002664   0x08002664   0x00000002   Code   RO          463    .text.HAL_TIMEx_CommutCallback  stm32f1xx_hal_tim_ex.o
    0x08002666   0x08002666   0x00000002   PAD
    0x08002668   0x08002668   0x00000050   Code   RO          459    .text.HAL_TIMEx_ConfigBreakDeadTime  stm32f1xx_hal_tim_ex.o
    0x080026b8   0x080026b8   0x00000096   Code   RO          457    .text.HAL_TIMEx_MasterConfigSynchronization  stm32f1xx_hal_tim_ex.o
    0x0800274e   0x0800274e   0x00000002   PAD
    0x08002750   0x08002750   0x0000005a   Code   RO          162    .text.HAL_TIM_Base_Init  stm32f1xx_hal_tim.o
    0x080027aa   0x080027aa   0x00000002   PAD
    0x080027ac   0x080027ac   0x00000096   Code   RO           61    .text.HAL_TIM_Base_MspInit  tim.o
    0x08002842   0x08002842   0x00000002   PAD
    0x08002844   0x08002844   0x00000086   Code   RO          176    .text.HAL_TIM_Base_Start_IT  stm32f1xx_hal_tim.o
    0x080028ca   0x080028ca   0x00000002   PAD
    0x080028cc   0x080028cc   0x000001a0   Code   RO          342    .text.HAL_TIM_ConfigClockSource  stm32f1xx_hal_tim.o
    0x08002a6c   0x08002a6c   0x000000b2   Code   RO          276    .text.HAL_TIM_Encoder_Init  stm32f1xx_hal_tim.o
    0x08002b1e   0x08002b1e   0x00000002   PAD
    0x08002b20   0x08002b20   0x00000198   Code   RO           63    .text.HAL_TIM_Encoder_MspInit  tim.o
    0x08002cb8   0x08002cb8   0x000000bc   Code   RO          284    .text.HAL_TIM_Encoder_Start  stm32f1xx_hal_tim.o
    0x08002d74   0x08002d74   0x00000002   Code   RO          298    .text.HAL_TIM_IC_CaptureCallback  stm32f1xx_hal_tim.o
    0x08002d76   0x08002d76   0x00000002   PAD
    0x08002d78   0x08002d78   0x0000014e   Code   RO          296    .text.HAL_TIM_IRQHandler  stm32f1xx_hal_tim.o
    0x08002ec6   0x08002ec6   0x00000002   PAD
    0x08002ec8   0x08002ec8   0x00000002   Code   RO          300    .text.HAL_TIM_OC_DelayElapsedCallback  stm32f1xx_hal_tim.o
    0x08002eca   0x08002eca   0x00000002   PAD
    0x08002ecc   0x08002ecc   0x0000026c   Code   RO          316    .text.HAL_TIM_PWM_ConfigChannel  stm32f1xx_hal_tim.o
    0x08003138   0x08003138   0x0000005a   Code   RO          216    .text.HAL_TIM_PWM_Init  stm32f1xx_hal_tim.o
    0x08003192   0x08003192   0x00000002   PAD
    0x08003194   0x08003194   0x00000002   Code   RO          218    .text.HAL_TIM_PWM_MspInit  stm32f1xx_hal_tim.o
    0x08003196   0x08003196   0x00000002   PAD
    0x08003198   0x08003198   0x00000002   Code   RO          302    .text.HAL_TIM_PWM_PulseFinishedCallback  stm32f1xx_hal_tim.o
    0x0800319a   0x0800319a   0x00000002   PAD
    0x0800319c   0x0800319c   0x000000de   Code   RO          224    .text.HAL_TIM_PWM_Start  stm32f1xx_hal_tim.o
    0x0800327a   0x0800327a   0x00000002   PAD
    0x0800327c   0x0800327c   0x000002d4   Code   RO          959    .text.HAL_TIM_PeriodElapsedCallback  dj.o
    0x08003550   0x08003550   0x00000002   Code   RO          306    .text.HAL_TIM_TriggerCallback  stm32f1xx_hal_tim.o
    0x08003552   0x08003552   0x00000002   PAD
    0x08003554   0x08003554   0x000000c8   Code   RO          858    .text.HAL_UARTEx_ReceiveToIdle_IT  stm32f1xx_hal_uart.o
    0x0800361c   0x0800361c   0x00000062   Code   RO         1048    .text.HAL_UARTEx_RxEventCallback  vofa.o
    0x0800367e   0x0800367e   0x00000002   PAD
    0x08003680   0x08003680   0x0000021c   Code   RO          854    .text.HAL_UART_DMAStop  stm32f1xx_hal_uart.o
    0x0800389c   0x0800389c   0x00000002   Code   RO          896    .text.HAL_UART_ErrorCallback  stm32f1xx_hal_uart.o
    0x0800389e   0x0800389e   0x00000002   PAD
    0x080038a0   0x080038a0   0x00000570   Code   RO          890    .text.HAL_UART_IRQHandler  stm32f1xx_hal_uart.o
    0x08003e10   0x08003e10   0x000000e2   Code   RO          814    .text.HAL_UART_Init  stm32f1xx_hal_uart.o
    0x08003ef2   0x08003ef2   0x00000002   PAD
    0x08003ef4   0x08003ef4   0x00000182   Code   RO           88    .text.HAL_UART_MspInit  usart.o
    0x08004076   0x08004076   0x00000002   PAD
    0x08004078   0x08004078   0x00000160   Code   RO          846    .text.HAL_UART_Receive_DMA  stm32f1xx_hal_uart.o
    0x080041d8   0x080041d8   0x00000002   Code   RO          904    .text.HAL_UART_RxCpltCallback  stm32f1xx_hal_uart.o
    0x080041da   0x080041da   0x00000002   PAD
    0x080041dc   0x080041dc   0x00000002   Code   RO          906    .text.HAL_UART_RxHalfCpltCallback  stm32f1xx_hal_uart.o
    0x080041de   0x080041de   0x00000002   PAD
    0x080041e0   0x080041e0   0x00000002   Code   RO          900    .text.HAL_UART_TxCpltCallback  stm32f1xx_hal_uart.o
    0x080041e2   0x080041e2   0x00000002   PAD
    0x080041e4   0x080041e4   0x00000002   Code   RO          106    .text.HardFault_Handler  stm32f1xx_it.o
    0x080041e6   0x080041e6   0x00000002   PAD
    0x080041e8   0x080041e8   0x00000044   Code   RO           36    .text.MX_DMA_Init   dma.o
    0x0800422c   0x0800422c   0x000000e6   Code   RO           26    .text.MX_GPIO_Init  gpio.o
    0x08004312   0x08004312   0x00000002   PAD
    0x08004314   0x08004314   0x000001e6   Code   RO           45    .text.MX_TIM1_Init  tim.o
    0x080044fa   0x080044fa   0x00000002   PAD
    0x080044fc   0x080044fc   0x00000062   Code   RO           49    .text.MX_TIM2_Init  tim.o
    0x0800455e   0x0800455e   0x00000002   PAD
    0x08004560   0x08004560   0x00000066   Code   RO           51    .text.MX_TIM3_Init  tim.o
    0x080045c6   0x080045c6   0x00000002   PAD
    0x080045c8   0x080045c8   0x00000066   Code   RO           53    .text.MX_TIM4_Init  tim.o
    0x0800462e   0x0800462e   0x00000002   PAD
    0x08004630   0x08004630   0x00000066   Code   RO           55    .text.MX_TIM5_Init  tim.o
    0x08004696   0x08004696   0x00000002   PAD
    0x08004698   0x08004698   0x00000052   Code   RO           57    .text.MX_TIM7_Init  tim.o
    0x080046ea   0x080046ea   0x00000002   PAD
    0x080046ec   0x080046ec   0x000001e6   Code   RO           59    .text.MX_TIM8_Init  tim.o
    0x080048d2   0x080048d2   0x00000002   PAD
    0x080048d4   0x080048d4   0x0000003c   Code   RO           84    .text.MX_USART1_UART_Init  usart.o
    0x08004910   0x08004910   0x0000003c   Code   RO           86    .text.MX_USART2_UART_Init  usart.o
    0x0800494c   0x0800494c   0x00000078   Code   RO          949    .text.MY_PID_Init   dj.o
    0x080049c4   0x080049c4   0x00000002   Code   RO          108    .text.MemManage_Handler  stm32f1xx_it.o
    0x080049c6   0x080049c6   0x00000002   PAD
    0x080049c8   0x080049c8   0x00000036   Code   RO         1084    .text.My_Init       my.o
    0x080049fe   0x080049fe   0x00000002   PAD
    0x08004a00   0x08004a00   0x0000006a   Code   RO         1080    .text.My_UART_Cmd_Parse  my.o
    0x08004a6a   0x08004a6a   0x00000002   PAD
    0x08004a6c   0x08004a6c   0x0000002a   Code   RO         1078    .text.My_UART_DMA_Init  my.o
    0x08004a96   0x08004a96   0x00000002   PAD
    0x08004a98   0x08004a98   0x000002ac   Code   RO         1086    .text.My_run        my.o
    0x08004d44   0x08004d44   0x00000002   Code   RO          104    .text.NMI_Handler   stm32f1xx_it.o
    0x08004d46   0x08004d46   0x00000002   PAD
    0x08004d48   0x08004d48   0x000000b6   Code   RO         1020    .text.PID_Calculate  pid.o
    0x08004dfe   0x08004dfe   0x00000002   PAD
    0x08004e00   0x08004e00   0x00000060   Code   RO         1018    .text.PID_Init      pid.o
    0x08004e60   0x08004e60   0x00000008   Code   RO         1022    .text.PID_SetTargetRpm  pid.o
    0x08004e68   0x08004e68   0x00000002   Code   RO          118    .text.PendSV_Handler  stm32f1xx_it.o
    0x08004e6a   0x08004e6a   0x00000002   PAD
    0x08004e6c   0x08004e6c   0x00000018   Code   RO         1068    .text.SG_Close      sg.o
    0x08004e84   0x08004e84   0x00000060   Code   RO         1062    .text.SG_Init       sg.o
    0x08004ee4   0x08004ee4   0x00000018   Code   RO         1066    .text.SG_Open       sg.o
    0x08004efc   0x08004efc   0x00000002   Code   RO          114    .text.SVC_Handler   stm32f1xx_it.o
    0x08004efe   0x08004efe   0x00000002   PAD
    0x08004f00   0x08004f00   0x00000004   Code   RO          120    .text.SysTick_Handler  stm32f1xx_it.o
    0x08004f04   0x08004f04   0x00000002   Code   RO          934    .text.SystemInit    system_stm32f1xx.o
    0x08004f06   0x08004f06   0x00000002   PAD
    0x08004f08   0x08004f08   0x0000000c   Code   RO          130    .text.TIM7_IRQHandler  stm32f1xx_it.o
    0x08004f14   0x08004f14   0x000000e8   Code   RO          166    .text.TIM_Base_SetConfig  stm32f1xx_hal_tim.o
    0x08004ffc   0x08004ffc   0x0000000c   Code   RO          894    .text.UART_DMAAbortOnError  stm32f1xx_hal_uart.o
    0x08005008   0x08005008   0x0000017c   Code   RO          844    .text.UART_DMAError  stm32f1xx_hal_uart.o
    0x08005184   0x08005184   0x0000015e   Code   RO          922    .text.UART_DMAReceiveCplt  stm32f1xx_hal_uart.o
    0x080052e2   0x080052e2   0x00000002   PAD
    0x080052e4   0x080052e4   0x00000018   Code   RO          924    .text.UART_DMARxHalfCplt  stm32f1xx_hal_uart.o
    0x080052fc   0x080052fc   0x000000fe   Code   RO          892    .text.UART_Receive_IT  stm32f1xx_hal_uart.o
    0x080053fa   0x080053fa   0x00000002   PAD
    0x080053fc   0x080053fc   0x0000000c   Code   RO          126    .text.USART1_IRQHandler  stm32f1xx_it.o
    0x08005408   0x08005408   0x0000004c   Code   RO          128    .text.USART2_IRQHandler  stm32f1xx_it.o
    0x08005454   0x08005454   0x00000002   Code   RO          112    .text.UsageFault_Handler  stm32f1xx_it.o
    0x08005456   0x08005456   0x00000002   PAD
    0x08005458   0x08005458   0x00000096   Code   RO           11    .text.main          main.o
    0x080054ee   0x080054ee   0x0000000e   Code   RO         1461    i.__scatterload_copy  mc_w.l(handlers.o)
    0x080054fc   0x080054fc   0x00000002   Code   RO         1462    i.__scatterload_null  mc_w.l(handlers.o)
    0x080054fe   0x080054fe   0x0000000e   Code   RO         1463    i.__scatterload_zeroinit  mc_w.l(handlers.o)
    0x0800550c   0x0800550c   0x0000000e   Code   RO         1367    i._is_digit         mc_w.l(scanf_fp.o)
    0x0800551a   0x0800551a   0x00000040   Data   RO         1457    .constdata          mc_w.l(ctype_c.o)
    0x0800555a   0x0800555a   0x00000010   Data   RO          939    .rodata.AHBPrescTable  system_stm32f1xx.o
    0x0800556a   0x0800556a   0x00000008   Data   RO          940    .rodata.APBPrescTable  system_stm32f1xx.o
    0x08005572   0x08005572   0x00000002   Data   RO          570    .rodata.HAL_RCC_GetSysClockFreq.aPredivFactorTable  stm32f1xx_hal_rcc.o
    0x08005574   0x08005574   0x00000010   Data   RO          569    .rodata.cst16       stm32f1xx_hal_rcc.o
    0x08005584   0x08005584   0x000000b0   Data   RO          967    .rodata.motor_default_config  dj.o
    0x08005634   0x08005634   0x0000001e   Data   RO         1052    .rodata.str1.1      vofa.o
    0x08005652   0x08005652   0x00000002   PAD
    0x08005654   0x08005654   0x00000020   Data   RO         1460    Region$$Table       anon$$obj.o


    Execution Region RW_IRAM1 (Exec base: 0x20000000, Load base: 0x08005678, Size: 0x00000930, Max: 0x00010000, ABSOLUTE)

    Exec Addr    Load Addr    Size         Type   Attr      Idx    E Section Name        Object

    0x20000000   0x08005678   0x00000008   Data   RW          532    .data..L_MergedGlobals  stm32f1xx_hal.o
    0x20000008   0x08005680   0x00000004   Data   RW          938    .data.SystemCoreClock  system_stm32f1xx.o
    0x2000000c   0x08005684   0x00000004   PAD
    0x20000010   0x08005688   0x00000018   Data   RW         1088    .data.vehicle_physics  my.o
    0x20000028        -       0x00000004   Zero   RW          968    .bss..L_MergedGlobals  dj.o
    0x2000002c        -       0x00000060   Zero   RW         1053    .bss..L_MergedGlobals  vofa.o
    0x2000008c        -       0x0000002c   Zero   RW         1089    .bss..L_MergedGlobals  my.o
    0x200000b8        -       0x00000044   Zero   RW           94    .bss.hdma_usart2_rx  usart.o
    0x200000fc        -       0x00000044   Zero   RW           95    .bss.hdma_usart2_tx  usart.o
    0x20000140        -       0x00000048   Zero   RW           69    .bss.htim1          tim.o
    0x20000188        -       0x00000048   Zero   RW           70    .bss.htim2          tim.o
    0x200001d0        -       0x00000048   Zero   RW           71    .bss.htim3          tim.o
    0x20000218        -       0x00000048   Zero   RW           72    .bss.htim4          tim.o
    0x20000260        -       0x00000048   Zero   RW           73    .bss.htim5          tim.o
    0x200002a8        -       0x00000048   Zero   RW           74    .bss.htim7          tim.o
    0x200002f0        -       0x00000048   Zero   RW           75    .bss.htim8          tim.o
    0x20000338        -       0x00000048   Zero   RW           92    .bss.huart1         usart.o
    0x20000380        -       0x00000048   Zero   RW           93    .bss.huart2         usart.o
    0x200003c8        -       0x000000b0   Zero   RW          965    .bss.motor          dj.o
    0x20000478        -       0x000000b0   Zero   RW          966    .bss.pid            dj.o
    0x20000528        -       0x00000004   Zero   RW          531    .bss.uwTick         stm32f1xx_hal.o
    0x2000052c   0x080056a0   0x00000004   PAD
    0x20000530        -       0x00000400   Zero   RW            1    STACK               startup_stm32f103xe.o


==============================================================================

Image component sizes


      Code (inc. data)   RO Data    RW Data    ZI Data      Debug   Object Name

      2544          0        176          0        356       8905   dj.o
        68          0          0          0          0       2494   dma.o
       230          0          0          0          0       1778   gpio.o
       160          0          0          0          0       2727   main.o
       886         10          0         24         44       6141   my.o
       286          0          0          0          0       1636   pid.o
       144          0          0          0          0       5049   sg.o
        36          8        304          0       1024        780   startup_stm32f103xe.o
       188          0          0          8          4       6069   stm32f1xx_hal.o
       196          0          0          0          0       8760   stm32f1xx_hal_cortex.o
      1346          0          0          0          0       8568   stm32f1xx_hal_dma.o
       508         22          0          0          0       4593   stm32f1xx_hal_gpio.o
        66          0          0          0          0       1189   stm32f1xx_hal_msp.o
      1550          0         18          0          0       7920   stm32f1xx_hal_rcc.o
      2514          6          0          0          0      55046   stm32f1xx_hal_tim.o
       234          0          0          0          0      20634   stm32f1xx_hal_tim_ex.o
      3738          0          0          0          0      32505   stm32f1xx_hal_uart.o
       144          0          0          0          0       6093   stm32f1xx_it.o
         2          0         24          4          0       1577   system_stm32f1xx.o
      2016          4          0          0        504      13680   tim.o
       506          0          0          0        280       6594   usart.o
        98          0         30          0         96       5762   vofa.o

    ----------------------------------------------------------------------
     17582         50        586         40       2312     208500   Object Totals
         0          0         32          0          0          0   (incl. Generated)
       122          0          2          4          4          0   (incl. Padding)

    ----------------------------------------------------------------------

      Code (inc. data)   RO Data    RW Data    ZI Data      Debug   Library Member Name

        56          8          0          0          0         84   __0sscanf.o
       812          4          0          0          0        112   _scanf.o
        64          0          0          0          0         84   _sgetc.o
        40          6         64          0          0         68   ctype_c.o
         0          0          0          0          0          0   entry.o
         0          0          0          0          0          0   entry10a.o
         0          0          0          0          0          0   entry11a.o
         8          4          0          0          0          0   entry2.o
         4          0          0          0          0          0   entry5.o
         0          0          0          0          0          0   entry7b.o
         0          0          0          0          0          0   entry8b.o
         8          4          0          0          0          0   entry9a.o
        30          0          0          0          0          0   handlers.o
        48         10          0          0          0         68   init.o
        10          0          0          0          0         68   isspace_c.o
         0          0          0          0          0          0   iusefp.o
        30          0          0          0          0         68   llshl.o
        36          0          0          0          0         68   llsshr.o
        32          0          0          0          0         68   llushr.o
        40          8          0          0          0         84   scanf_char.o
       878         12          0          0          0        216   scanf_fp.o
        56          0          0          0          0         88   d2f.o
       334          0          0          0          0        148   dadd.o
       222          0          0          0          0        100   ddiv.o
       186          0          0          0          0        176   depilogue.o
        24          0          0          0          0         76   dfltul.o
       228          0          0          0          0         96   dmul.o
        38          0          0          0          0         68   f2d.o
       176          0          0          0          0        140   fadd.o
        28          0          0          0          0         68   fcmpge.o
        28          0          0          0          0         68   fcmpgt.o
        28          0          0          0          0         68   fcmple.o
       124          0          0          0          0         88   fdiv.o
       110          0          0          0          0        168   fepilogue.o
        50          0          0          0          0         68   ffixi.o
        40          0          0          0          0         68   ffixui.o
        18          0          0          0          0         68   fflti.o
        10          0          0          0          0         68   ffltui.o
       100          0          0          0          0         76   fmul.o

    ----------------------------------------------------------------------
      3900         56         64          0          0       2688   Library Totals
         4          0          0          0          0          0   (incl. Padding)

    ----------------------------------------------------------------------

      Code (inc. data)   RO Data    RW Data    ZI Data      Debug   Library Name

      2096         56         64          0          0        988   mc_w.l
      1800          0          0          0          0       1700   mf_w.l

    ----------------------------------------------------------------------
      3900         56         64          0          0       2688   Library Totals

    ----------------------------------------------------------------------

==============================================================================


      Code (inc. data)   RO Data    RW Data    ZI Data      Debug   

     21482        106        650         40       2312     209536   Grand Totals
     21482        106        650         40       2312     209536   ELF Image Totals
     21482        106        650         40          0          0   ROM Totals

==============================================================================

    Total RO  Size (Code + RO Data)                22132 (  21.61kB)
    Total RW  Size (RW Data + ZI Data)              2352 (   2.30kB)
    Total ROM Size (Code + RO Data + RW Data)      22172 (  21.65kB)

==============================================================================

